Archive member included to satisfy reference by file (symbol)

/usr/lib/gcc/arm-none-eabi/13.2.0/thumb/v6-m/nofp/libgcc.a(_dvmd_tls.o)
                              CMakeFiles/program.dir/pico-sdk/src/rp2_common/pico_divider/divider_hardware.S.obj (__aeabi_idiv0)
/usr/lib/gcc/arm-none-eabi/13.2.0/../../../../arm-none-eabi/lib/thumb/v6-m/nofp/libg.a(libc_a-atexit.o)
                              /usr/lib/gcc/arm-none-eabi/13.2.0/../../../../arm-none-eabi/lib/thumb/v6-m/nofp/crt0.o (atexit)
/usr/lib/gcc/arm-none-eabi/13.2.0/../../../../arm-none-eabi/lib/thumb/v6-m/nofp/libg.a(libc_a-calloc.o)
                              CMakeFiles/program.dir/pico-sdk/src/rp2_common/pico_malloc/malloc.c.obj (calloc)
/usr/lib/gcc/arm-none-eabi/13.2.0/../../../../arm-none-eabi/lib/thumb/v6-m/nofp/libg.a(libc_a-callocr.o)
                              /usr/lib/gcc/arm-none-eabi/13.2.0/../../../../arm-none-eabi/lib/thumb/v6-m/nofp/libg.a(libc_a-calloc.o) (_calloc_r)
/usr/lib/gcc/arm-none-eabi/13.2.0/../../../../arm-none-eabi/lib/thumb/v6-m/nofp/libg.a(libc_a-malloc.o)
                              CMakeFiles/program.dir/pico-sdk/src/rp2_common/pico_malloc/malloc.c.obj (malloc)
/usr/lib/gcc/arm-none-eabi/13.2.0/../../../../arm-none-eabi/lib/thumb/v6-m/nofp/libg.a(libc_a-mallocr.o)
                              /usr/lib/gcc/arm-none-eabi/13.2.0/../../../../arm-none-eabi/lib/thumb/v6-m/nofp/libg.a(libc_a-callocr.o) (_malloc_r)
/usr/lib/gcc/arm-none-eabi/13.2.0/../../../../arm-none-eabi/lib/thumb/v6-m/nofp/libg.a(libc_a-mlock.o)
                              /usr/lib/gcc/arm-none-eabi/13.2.0/../../../../arm-none-eabi/lib/thumb/v6-m/nofp/libg.a(libc_a-mallocr.o) (__malloc_lock)
/usr/lib/gcc/arm-none-eabi/13.2.0/../../../../arm-none-eabi/lib/thumb/v6-m/nofp/libg.a(libc_a-realloc.o)
                              CMakeFiles/program.dir/pico-sdk/src/rp2_common/pico_malloc/malloc.c.obj (realloc)
/usr/lib/gcc/arm-none-eabi/13.2.0/../../../../arm-none-eabi/lib/thumb/v6-m/nofp/libg.a(libc_a-reallocr.o)
                              /usr/lib/gcc/arm-none-eabi/13.2.0/../../../../arm-none-eabi/lib/thumb/v6-m/nofp/libg.a(libc_a-realloc.o) (_realloc_r)
/usr/lib/gcc/arm-none-eabi/13.2.0/../../../../arm-none-eabi/lib/thumb/v6-m/nofp/libg.a(libc_a-memcmp.o)
                              CMakeFiles/program.dir/pico-sdk/src/rp2_common/pico_atomic/atomic.c.obj (memcmp)
/usr/lib/gcc/arm-none-eabi/13.2.0/../../../../arm-none-eabi/lib/thumb/v6-m/nofp/libg.a(libc_a-memmove.o)
                              /usr/lib/gcc/arm-none-eabi/13.2.0/../../../../arm-none-eabi/lib/thumb/v6-m/nofp/libg.a(libc_a-reallocr.o) (memmove)
/usr/lib/gcc/arm-none-eabi/13.2.0/../../../../arm-none-eabi/lib/thumb/v6-m/nofp/libg.a(libc_a-lcltime_r.o)
                              CMakeFiles/program.dir/pico-sdk/src/common/pico_util/datetime.c.obj (localtime_r)
/usr/lib/gcc/arm-none-eabi/13.2.0/../../../../arm-none-eabi/lib/thumb/v6-m/nofp/libg.a(libc_a-mktime.o)
                              CMakeFiles/program.dir/pico-sdk/src/common/pico_util/datetime.c.obj (mktime)
/usr/lib/gcc/arm-none-eabi/13.2.0/../../../../arm-none-eabi/lib/thumb/v6-m/nofp/libg.a(libc_a-month_lengths.o)
                              /usr/lib/gcc/arm-none-eabi/13.2.0/../../../../arm-none-eabi/lib/thumb/v6-m/nofp/libg.a(libc_a-lcltime_r.o) (__month_lengths)
/usr/lib/gcc/arm-none-eabi/13.2.0/../../../../arm-none-eabi/lib/thumb/v6-m/nofp/libg.a(libc_a-tzcalc_limits.o)
                              /usr/lib/gcc/arm-none-eabi/13.2.0/../../../../arm-none-eabi/lib/thumb/v6-m/nofp/libg.a(libc_a-lcltime_r.o) (__tzcalc_limits)
/usr/lib/gcc/arm-none-eabi/13.2.0/../../../../arm-none-eabi/lib/thumb/v6-m/nofp/libg.a(libc_a-tzlock.o)
                              /usr/lib/gcc/arm-none-eabi/13.2.0/../../../../arm-none-eabi/lib/thumb/v6-m/nofp/libg.a(libc_a-lcltime_r.o) (__tz_lock)
/usr/lib/gcc/arm-none-eabi/13.2.0/../../../../arm-none-eabi/lib/thumb/v6-m/nofp/libg.a(libc_a-tzset.o)
                              /usr/lib/gcc/arm-none-eabi/13.2.0/../../../../arm-none-eabi/lib/thumb/v6-m/nofp/libg.a(libc_a-lcltime_r.o) (_tzset_unlocked)
/usr/lib/gcc/arm-none-eabi/13.2.0/../../../../arm-none-eabi/lib/thumb/v6-m/nofp/libg.a(libc_a-tzset_r.o)
                              /usr/lib/gcc/arm-none-eabi/13.2.0/../../../../arm-none-eabi/lib/thumb/v6-m/nofp/libg.a(libc_a-tzset.o) (_tzset_unlocked_r)
/usr/lib/gcc/arm-none-eabi/13.2.0/../../../../arm-none-eabi/lib/thumb/v6-m/nofp/libg.a(libc_a-tzvars.o)
                              /usr/lib/gcc/arm-none-eabi/13.2.0/../../../../arm-none-eabi/lib/thumb/v6-m/nofp/libg.a(libc_a-tzset_r.o) (_timezone)
/usr/lib/gcc/arm-none-eabi/13.2.0/../../../../arm-none-eabi/lib/thumb/v6-m/nofp/libg.a(libc_a-impure.o)
                              /usr/lib/gcc/arm-none-eabi/13.2.0/../../../../arm-none-eabi/lib/thumb/v6-m/nofp/libg.a(libc_a-calloc.o) (_impure_ptr)
/usr/lib/gcc/arm-none-eabi/13.2.0/../../../../arm-none-eabi/lib/thumb/v6-m/nofp/libg.a(libc_a-sbrkr.o)
[...]
Memory Configuration

Name             Origin             Length             Attributes
FLASH            0x10000000         0x00200000         xr
RAM              0x20000000         0x00040000         xrw
SCRATCH_X        0x20040000         0x00001000         xrw
SCRATCH_Y        0x20041000         0x00001000         xrw
*default*        0x00000000         0xffffffff

Linker script and memory map

LOAD /usr/lib/gcc/arm-none-eabi/13.2.0/thumb/v6-m/nofp/crti.o
LOAD /usr/lib/gcc/arm-none-eabi/13.2.0/thumb/v6-m/nofp/crtbegin.o
LOAD /usr/lib/gcc/arm-none-eabi/13.2.0/../../../../arm-none-eabi/lib/thumb/v6-m/nofp/crt0.o

.flash_begin    0x10000000        0x0
                0x10000000                        __flash_binary_start = .

.boot2          0x10000000      0x100
                0x10000000                        __boot2_start__ = .
 *(.boot2)
 .boot2         0x10000000      0x100 /tmp/ccgjnTP5.o
                0x10000100                        __boot2_end__ = .
                0x00000001                        ASSERT (((__boot2_end__ - __boot2_start__) == 0x100), ERROR: Pico second stage bootloader must be 256 bytes in size)

.text           0x10000100     0x17c4
                0x10000100                        __logical_binary_start = .
 *(.vectors)
 .vectors       0x10000100       0xd4 CMakeFiles/program.dir/pico-sdk/src/rp2_common/pico_crt0/crt0.S.obj
                0x10000100                __vectors
                0x10000100                __VECTOR_TABLE
                0x100001c0                isr_invalid
                0x100001c0                __default_isrs_start
                0x100001c2                isr_nmi
                0x100001c4                isr_hardfault
                0x100001c6                isr_svcall
                0x100001c8                isr_pendsv
                0x100001ca                isr_systick
                0x100001cc                isr_irq30
                0x100001cc                __unhandled_user_irq
                0x100001cc                isr_irq13
                0x100001cc                isr_irq27
                0x100001cc                isr_irq31
                0x100001cc                isr_irq5
                0x100001cc                isr_irq11
                0x100001cc                isr_irq23
                0x100001cc                isr_irq18
                0x100001cc                isr_irq28
                0x100001cc                isr_irq19
                0x100001cc                isr_irq0
                0x100001cc                isr_irq6
                0x100001cc                isr_irq22
                0x100001cc                isr_irq17
                0x100001cc                isr_irq14
                0x100001cc                isr_irq2
                0x100001cc                isr_irq10
                0x100001cc                isr_irq8
                0x100001cc                isr_irq24
                0x100001cc                isr_irq1
                0x100001cc                isr_irq7
                0x100001cc                isr_irq21
                0x100001cc                isr_irq20
                0x100001cc                isr_irq15
                0x100001cc                isr_irq25
                0x100001cc                isr_irq4
                0x100001cc                isr_irq16
                0x100001cc                isr_irq29
                0x100001cc                isr_irq26
                0x100001cc                __default_isrs_end
                0x100001cc                isr_irq3
                0x100001cc                isr_irq12
                0x100001cc                isr_irq9
                0x100001d2                unhandled_user_irq_num_in_r0
 *(.binary_info_header)
 .binary_info_header
                0x100001d4       0x14 CMakeFiles/program.dir/pico-sdk/src/rp2_common/pico_crt0/crt0.S.obj
                0x100001e8                        __binary_info_header_end = .
 *(.embedded_block)
                0x100001e8                        __embedded_block_end = .
 *(.reset)
 .reset         0x100001e8       0x9c CMakeFiles/program.dir/pico-sdk/src/rp2_common/pico_crt0/crt0.S.obj
                0x100001e8                _entry_point
 *(.init)
 .init          0x10000284        0x4 /usr/lib/gcc/arm-none-eabi/13.2.0/thumb/v6-m/nofp/crti.o
                0x10000284                _init
 *(EXCLUDE_FILE(*libm.a: *libc.a:*lib_a-mem*.o *libgcc.a:) .text*)
 .text          0x10000288       0x98 /usr/lib/gcc/arm-none-eabi/13.2.0/thumb/v6-m/nofp/crtbegin.o
 .text.signal   0x10000320       0x44 CMakeFiles/program.dir/src/main.c.obj
                0x10000320                signal
 .text.startup.main
                0x10000364       0x20 CMakeFiles/program.dir/src/main.c.obj
                0x10000364                main
 .text.gpio_init
                0x10000384       0x40 CMakeFiles/program.dir/pico-sdk/src/rp2_common/hardware_gpio/gpio.c.obj
                0x10000384                gpio_init
 .text.panic    0x100003c4       0x30 CMakeFiles/program.dir/pico-sdk/src/rp2_common/pico_platform_panic/panic.c.obj
                0x100003c4                panic
 .text.hw_claim_or_assert
                0x100003f4       0x44 CMakeFiles/program.dir/pico-sdk/src/common/hardware_claim/claim.c.obj
                0x100003f4                hw_claim_or_assert
 .text.next_striped_spin_lock_num
                0x10000438       0x18 CMakeFiles/program.dir/pico-sdk/src/rp2_common/hardware_sync/sync.c.obj
                0x10000438                next_striped_spin_lock_num
 .text.spin_locks_reset
                0x10000450       0x1c CMakeFiles/program.dir/pico-sdk/src/rp2_common/hardware_sync_spin_lock/sync_spin_lock.c.obj
                0x10000450                spin_locks_reset
 .text.runtime_init_per_core_irq_priorities
                0x1000046c       0x24 CMakeFiles/program.dir/pico-sdk/src/rp2_common/hardware_irq/irq.c.obj
                0x1000046c                runtime_init_per_core_irq_priorities
 .text.irq_set_enabled
                0x10000490       0x24 CMakeFiles/program.dir/pico-sdk/src/rp2_common/hardware_irq/irq.c.obj
                0x10000490                irq_set_enabled
 .text.irq_set_exclusive_handler
                0x100004b4       0x54 CMakeFiles/program.dir/pico-sdk/src/rp2_common/hardware_irq/irq.c.obj
                0x100004b4                irq_set_exclusive_handler
 .text.lock_init
                0x10000508       0x10 CMakeFiles/program.dir/pico-sdk/src/common/pico_sync/lock_core.c.obj
                0x10000508                lock_init
 .text.runtime_init_mutex
                0x10000518       0x50 CMakeFiles/program.dir/pico-sdk/src/common/pico_sync/mutex.c.obj
                0x10000518                runtime_init_mutex
 .text.sleep_until_callback
                0x10000568       0x30 CMakeFiles/program.dir/pico-sdk/src/common/pico_time/time.c.obj
 .text.alarm_pool_irq_handler
                0x10000598      0x2e4 CMakeFiles/program.dir/pico-sdk/src/common/pico_time/time.c.obj
 .text.runtime_init_default_alarm_pool
                0x1000087c       0xdc CMakeFiles/program.dir/pico-sdk/src/common/pico_time/time.c.obj
                0x1000087c                runtime_init_default_alarm_pool
 .text.alarm_pool_add_alarm_at_force_in_context
                0x10000958       0xb0 CMakeFiles/program.dir/pico-sdk/src/common/pico_time/time.c.obj
                0x10000958                alarm_pool_add_alarm_at_force_in_context
 .text.alarm_pool_cancel_alarm
                0x10000a08       0x74 CMakeFiles/program.dir/pico-sdk/src/common/pico_time/time.c.obj
                0x10000a08                alarm_pool_cancel_alarm
 .text.sleep_until
                0x10000a7c       0xd8 CMakeFiles/program.dir/pico-sdk/src/common/pico_time/time.c.obj
                0x10000a7c                sleep_until
 .text.sleep_ms
                0x10000b54       0x38 CMakeFiles/program.dir/pico-sdk/src/common/pico_time/time.c.obj
                0x10000b54                sleep_ms
 .text.best_effort_wfe_or_timeout
                0x10000b8c      0x134 CMakeFiles/program.dir/pico-sdk/src/common/pico_time/time.c.obj
                0x10000b8c                best_effort_wfe_or_timeout
 .text.timer_hardware_alarm_claim
                0x10000cc0       0x14 CMakeFiles/program.dir/pico-sdk/src/rp2_common/hardware_timer/timer.c.obj
                0x10000cc0                timer_hardware_alarm_claim
 .text.timer_time_us_64
                0x10000cd4       0x10 CMakeFiles/program.dir/pico-sdk/src/rp2_common/hardware_timer/timer.c.obj
                0x10000cd4                timer_time_us_64
 .text.time_us_64
                0x10000ce4       0x14 CMakeFiles/program.dir/pico-sdk/src/rp2_common/hardware_timer/timer.c.obj
                0x10000ce4                time_us_64
 .text.busy_wait_until
                0x10000cf8       0x20 CMakeFiles/program.dir/pico-sdk/src/rp2_common/hardware_timer/timer.c.obj
                0x10000cf8                busy_wait_until
 .text.clock_configure_int_divider
                0x10000d18       0xf4 CMakeFiles/program.dir/pico-sdk/src/rp2_common/hardware_clocks/clocks.c.obj
                0x10000d18                clock_configure_int_divider
 .text.clock_configure_undivided
                0x10000e0c       0xe8 CMakeFiles/program.dir/pico-sdk/src/rp2_common/hardware_clocks/clocks.c.obj
                0x10000e0c                clock_configure_undivided
 .text.clock_get_hz
                0x10000ef4        0xc CMakeFiles/program.dir/pico-sdk/src/rp2_common/hardware_clocks/clocks.c.obj
                0x10000ef4                clock_get_hz
 .text.pll_init
                0x10000f00       0xa4 CMakeFiles/program.dir/pico-sdk/src/rp2_common/hardware_pll/pll.c.obj
                0x10000f00                pll_init
 .text.tick_start
                0x10000fa4       0x10 CMakeFiles/program.dir/pico-sdk/src/rp2_common/hardware_ticks/ticks.c.obj
                0x10000fa4                tick_start
 .text.xosc_init
                0x10000fb4       0x28 CMakeFiles/program.dir/pico-sdk/src/rp2_common/hardware_xosc/xosc.c.obj
                0x10000fb4                xosc_init
 .text.first_per_core_initializer
                0x10000fdc        0x4 CMakeFiles/program.dir/pico-sdk/src/rp2_common/pico_runtime/runtime.c.obj
 .text.hard_assertion_failure
                0x10000fe0        0xc CMakeFiles/program.dir/pico-sdk/src/rp2_common/pico_runtime/runtime.c.obj
                0x10000fe0                hard_assertion_failure
 .text.runtime_run_initializers
                0x10000fec       0x28 CMakeFiles/program.dir/pico-sdk/src/rp2_common/pico_runtime/runtime.c.obj
                0x10000fec                runtime_run_initializers
 .text.runtime_init_early_resets
                0x10001014       0x2c CMakeFiles/program.dir/pico-sdk/src/rp2_common/pico_runtime_init/runtime_init.c.obj
                0x10001014                runtime_init_early_resets
 .text.runtime_init_usb_power_down
                0x10001040       0x1c CMakeFiles/program.dir/pico-sdk/src/rp2_common/pico_runtime_init/runtime_init.c.obj
                0x10001040                runtime_init_usb_power_down
 .text.runtime_init_post_clock_resets
                0x1000105c       0x20 CMakeFiles/program.dir/pico-sdk/src/rp2_common/pico_runtime_init/runtime_init.c.obj
                0x1000105c                runtime_init_post_clock_resets
 .text.runtime_init_rp2040_gpio_ie_disable
                0x1000107c       0x14 CMakeFiles/program.dir/pico-sdk/src/rp2_common/pico_runtime_init/runtime_init.c.obj
                0x1000107c                runtime_init_rp2040_gpio_ie_disable
 .text.runtime_init_spin_locks_reset
                0x10001090        0x8 CMakeFiles/program.dir/pico-sdk/src/rp2_common/pico_runtime_init/runtime_init.c.obj
                0x10001090                runtime_init_spin_locks_reset
 .text.runtime_init_install_ram_vector_table
                0x10001098       0x1c CMakeFiles/program.dir/pico-sdk/src/rp2_common/pico_runtime_init/runtime_init.c.obj
                0x10001098                runtime_init_install_ram_vector_table
 .text.runtime_init_clocks
                0x100010b4       0xd8 CMakeFiles/program.dir/pico-sdk/src/rp2_common/pico_runtime_init/runtime_init_clocks.c.obj
                0x100010b4                runtime_init_clocks
 .text          0x1000118c       0x10 CMakeFiles/program.dir/pico-sdk/src/rp2_common/pico_bit_ops/bit_ops_aeabi.S.obj
 .text.rom_func_lookup
                0x1000119c       0x10 CMakeFiles/program.dir/pico-sdk/src/rp2_common/pico_bootrom/bootrom.c.obj
                0x1000119c                rom_func_lookup
 .text.rom_data_lookup
                0x100011ac       0x10 CMakeFiles/program.dir/pico-sdk/src/rp2_common/pico_bootrom/bootrom.c.obj
                0x100011ac                rom_data_lookup
 .text.rom_funcs_lookup
                0x100011bc       0x44 CMakeFiles/program.dir/pico-sdk/src/rp2_common/pico_bootrom/bootrom.c.obj
                0x100011bc                rom_funcs_lookup
 .text.__wrap___aeabi_uidiv
                0x10001200       0x4c CMakeFiles/program.dir/pico-sdk/src/rp2_common/pico_divider/divider_hardware.S.obj
                0x10001200                __wrap___aeabi_uidiv
                0x10001200                __wrap___aeabi_uidivmod
                0x10001200                div_u32u32
                0x10001200                divmod_u32u32
                0x10001208                divmod_u32u32_unsafe
                0x10001230                divmod_u32u32_savestate
 .text.__aeabi_double_init
                0x1000124c       0xa4 CMakeFiles/program.dir/pico-sdk/src/rp2_common/pico_double/double_init_rom_rp2040.c.obj
                0x1000124c                __aeabi_double_init
 .text.double_table_shim_on_use_helper
                0x100012f0       0x2c CMakeFiles/program.dir/pico-sdk/src/rp2_common/pico_double/double_v1_rom_shim_rp2040.S.obj
                0x100012f0                double_table_shim_on_use_helper
 .text.__aeabi_lmul
                0x1000131c       0x32 CMakeFiles/program.dir/pico-sdk/src/rp2_common/pico_int64_ops/pico_int64_ops_aeabi.S.obj
                0x1000131c                __wrap___aeabi_lmul
 *fill*         0x1000134e        0x2 
 .text.__aeabi_float_init
                0x10001350       0x64 CMakeFiles/program.dir/pico-sdk/src/rp2_common/pico_float/float_init_rom_rp2040.c.obj
                0x10001350                __aeabi_float_init
 .text.float_table_shim_on_use_helper
                0x100013b4       0x2c CMakeFiles/program.dir/pico-sdk/src/rp2_common/pico_float/float_v1_rom_shim_rp2040.S.obj
                0x100013b4                float_table_shim_on_use_helper
 .text          0x100013e0       0x10 CMakeFiles/program.dir/pico-sdk/src/rp2_common/pico_mem_ops/mem_ops_aeabi.S.obj
                0x100013e0                __aeabi_mem_init
 .text.memcpy   0x100013f0        0xc CMakeFiles/program.dir/pico-sdk/src/rp2_common/pico_mem_ops/mem_ops_aeabi.S.obj
                0x100013f0                __wrap___aeabi_memcpy
                0x100013f0                __wrap_memcpy
 .text._out_char
                0x100013fc       0x10 CMakeFiles/program.dir/pico-sdk/src/rp2_common/pico_printf/printf.c.obj
 .text.weak_raw_vprintf
                0x1000140c       0x30 CMakeFiles/program.dir/pico-sdk/src/rp2_common/pico_printf/printf.c.obj
                0x1000140c                weak_raw_vprintf
 .text._exit    0x1000143c        0x4 CMakeFiles/program.dir/pico-sdk/src/rp2_common/pico_clib_interface/newlib_interface.c.obj
                0x1000143c                _exit
 .text.exit     0x10001440        0x8 CMakeFiles/program.dir/pico-sdk/src/rp2_common/pico_clib_interface/newlib_interface.c.obj
                0x10001440                exit
 .text.runtime_init
                0x10001448       0x2c CMakeFiles/program.dir/pico-sdk/src/rp2_common/pico_clib_interface/newlib_interface.c.obj
                0x10001448                runtime_init
 .text.stdio_out_chars_no_crlf
                0x10001474       0x10 CMakeFiles/program.dir/pico-sdk/src/rp2_common/pico_stdio/stdio.c.obj
 .text.stdio_out_chars_crlf
                0x10001484       0x94 CMakeFiles/program.dir/pico-sdk/src/rp2_common/pico_stdio/stdio.c.obj
 .text.stdio_put_string
                0x10001518      0x100 CMakeFiles/program.dir/pico-sdk/src/rp2_common/pico_stdio/stdio.c.obj
                0x10001518                stdio_put_string
 .text.__wrap_putchar
                0x10001618       0x98 CMakeFiles/program.dir/pico-sdk/src/rp2_common/pico_stdio/stdio.c.obj
                0x10001618                stdio_putchar
                0x10001618                __wrap_putchar
 .text.__wrap_puts
                0x100016b0       0x3c CMakeFiles/program.dir/pico-sdk/src/rp2_common/pico_stdio/stdio.c.obj
                0x100016b0                __wrap_puts
                0x100016b0                stdio_puts
 .text.atexit   0x100016ec       0x10 /usr/lib/gcc/arm-none-eabi/13.2.0/../../../../arm-none-eabi/lib/thumb/v6-m/nofp/libg.a(libc_a-atexit.o)
                0x100016ec                atexit
 .text.__libc_fini_array
                0x100016fc       0x28 /usr/lib/gcc/arm-none-eabi/13.2.0/../../../../arm-none-eabi/lib/thumb/v6-m/nofp/libg.a(libc_a-fini.o)
                0x100016fc                __libc_fini_array
 .text.__retarget_lock_acquire_recursive
                0x10001724        0x4 /usr/lib/gcc/arm-none-eabi/13.2.0/../../../../arm-none-eabi/lib/thumb/v6-m/nofp/libg.a(libc_a-lock.o)
                0x10001724                __retarget_lock_acquire_recursive
 .text.__retarget_lock_release_recursive
                0x10001728        0x4 /usr/lib/gcc/arm-none-eabi/13.2.0/../../../../arm-none-eabi/lib/thumb/v6-m/nofp/libg.a(libc_a-lock.o)
                0x10001728                __retarget_lock_release_recursive
 .text.strlen   0x1000172c       0x5c /usr/lib/gcc/arm-none-eabi/13.2.0/../../../../arm-none-eabi/lib/thumb/v6-m/nofp/libg.a(libc_a-strlen-stub.o)
                0x1000172c                strlen
 .text.__register_exitproc
                0x10001788       0xa8 /usr/lib/gcc/arm-none-eabi/13.2.0/../../../../arm-none-eabi/lib/thumb/v6-m/nofp/libg.a(libc_a-__atexit.o)
                0x10001788                __register_exitproc
 .text.startup.register_fini
                0x10001830       0x18 /usr/lib/gcc/arm-none-eabi/13.2.0/../../../../arm-none-eabi/lib/thumb/v6-m/nofp/libg.a(libc_a-__call_atexit.o)
 *(.fini)
 .fini          0x10001848        0x4 /usr/lib/gcc/arm-none-eabi/13.2.0/thumb/v6-m/nofp/crti.o
                0x10001848                _fini
 *fill*         0x1000184c        0x4 
 .fini.__stub   0x10001850       0x30 linker stubs
 *crtbegin.o(.ctors)
 *crtbegin?.o(.ctors)
 *(EXCLUDE_FILE(*crtend.o *crtend?.o) .ctors)
 *(SORT_BY_NAME(.ctors.*))
 *(.ctors)
 *crtbegin.o(.dtors)
 *crtbegin?.o(.dtors)
 *(EXCLUDE_FILE(*crtend.o *crtend?.o) .dtors)
 *(SORT_BY_NAME(.dtors.*))
 *(.dtors)
                0x10001880                        . = ALIGN (0x4)
                0x10001880                        PROVIDE (__preinit_array_start = .)
 *(SORT_BY_NAME(.preinit_array.*))
 .preinit_array.00100
                0x10001880        0x4 CMakeFiles/program.dir/pico-sdk/src/rp2_common/pico_runtime_init/runtime_init.c.obj
                0x10001880                __pre_init_runtime_init_early_resets
 .preinit_array.00101
                0x10001884        0x4 CMakeFiles/program.dir/pico-sdk/src/rp2_common/pico_runtime_init/runtime_init.c.obj
                0x10001884                __pre_init_runtime_init_usb_power_down
 .preinit_array.00275
                0x10001888        0x4 CMakeFiles/program.dir/pico-sdk/src/rp2_common/pico_bit_ops/bit_ops_aeabi.S.obj
 .preinit_array.00300
                0x1000188c        0x4 CMakeFiles/program.dir/pico-sdk/src/rp2_common/pico_mem_ops/mem_ops_aeabi.S.obj
 .preinit_array.00350
                0x10001890        0x4 CMakeFiles/program.dir/pico-sdk/src/rp2_common/pico_double/double_aeabi_rp2040.S.obj
 .preinit_array.00350
                0x10001894        0x4 CMakeFiles/program.dir/pico-sdk/src/rp2_common/pico_float/float_aeabi_rp2040.S.obj
 .preinit_array.00500
                0x10001898        0x4 CMakeFiles/program.dir/pico-sdk/src/rp2_common/pico_runtime_init/runtime_init.c.obj
                0x10001898                __pre_init_runtime_init_clocks
 .preinit_array.00600
                0x1000189c        0x4 CMakeFiles/program.dir/pico-sdk/src/rp2_common/pico_runtime_init/runtime_init.c.obj
                0x1000189c                __pre_init_runtime_init_post_clock_resets
 .preinit_array.00700
                0x100018a0        0x4 CMakeFiles/program.dir/pico-sdk/src/rp2_common/pico_runtime_init/runtime_init.c.obj
                0x100018a0                __pre_init_runtime_init_rp2040_gpio_ie_disable
 .preinit_array.01000
                0x100018a4        0x4 CMakeFiles/program.dir/pico-sdk/src/rp2_common/pico_runtime_init/runtime_init.c.obj
                0x100018a4                __pre_init_runtime_init_spin_locks_reset
 .preinit_array.01100
                0x100018a8        0x4 CMakeFiles/program.dir/pico-sdk/src/common/pico_sync/mutex.c.obj
                0x100018a8                __pre_init_runtime_init_mutex
 .preinit_array.10080
                0x100018ac        0x4 CMakeFiles/program.dir/pico-sdk/src/rp2_common/pico_runtime_init/runtime_init.c.obj
                0x100018ac                __pre_init_runtime_init_install_ram_vector_table
 .preinit_array.11000
                0x100018b0        0x4 CMakeFiles/program.dir/pico-sdk/src/common/pico_time/time.c.obj
                0x100018b0                __pre_init_runtime_init_default_alarm_pool
 .preinit_array.YYYYY
                0x100018b4        0x4 CMakeFiles/program.dir/pico-sdk/src/rp2_common/pico_runtime/runtime.c.obj
                0x100018b4                __pre_init_first_per_core_initializer
 .preinit_array.ZZZZZ.01200
                0x100018b8        0x4 CMakeFiles/program.dir/pico-sdk/src/rp2_common/hardware_irq/irq.c.obj
                0x100018b8                __pre_init_runtime_init_per_core_irq_priorities
 *(.preinit_array)
                0x100018bc                        PROVIDE (__preinit_array_end = .)
                0x100018bc                        . = ALIGN (0x4)
                0x100018bc                        PROVIDE (__init_array_start = .)
 *(SORT_BY_NAME(.init_array.*))
 .init_array.00000
                0x100018bc        0x4 /usr/lib/gcc/arm-none-eabi/13.2.0/../../../../arm-none-eabi/lib/thumb/v6-m/nofp/libg.a(libc_a-__call_atexit.o)
 *(.init_array)
 .init_array    0x100018c0        0x4 /usr/lib/gcc/arm-none-eabi/13.2.0/thumb/v6-m/nofp/crtbegin.o
                0x100018c4                        PROVIDE (__init_array_end = .)
                0x100018c4                        . = ALIGN (0x4)
                0x100018c4                        PROVIDE (__fini_array_start = .)
 *(SORT_BY_NAME(.fini_array.*))
 *(.fini_array)
                0x100018c4                        PROVIDE (__fini_array_end = .)
 *(.eh_frame*)
 .eh_frame      0x100018c4        0x0 /usr/lib/gcc/arm-none-eabi/13.2.0/thumb/v6-m/nofp/crtbegin.o
                0x100018c4                        . = ALIGN (0x4)

.glue_7         0x100018c4        0x0
 .glue_7        0x100018c4        0x0 linker stubs

.glue_7t        0x100018c4        0x0
 .glue_7t       0x100018c4        0x0 linker stubs

.vfp11_veneer   0x100018c4        0x0
 .vfp11_veneer  0x100018c4        0x0 linker stubs

.v4_bx          0x100018c4        0x0
 .v4_bx         0x100018c4        0x0 linker stubs

.iplt           0x100018c4        0x0
 .iplt          0x100018c4        0x0 /usr/lib/gcc/arm-none-eabi/13.2.0/thumb/v6-m/nofp/crtbegin.o

.rodata         0x100018c4      0x290
 *(EXCLUDE_FILE(*libm.a: *libc.a:*lib_a-mem*.o *libgcc.a:) .rodata*)
 .rodata.main.str1.4
                0x100018c4      0x244 CMakeFiles/program.dir/src/main.c.obj
                                0x1d1 (size before relaxing)
 .rodata.panic.str1.4
                0x10001b08       0x12 CMakeFiles/program.dir/pico-sdk/src/rp2_common/pico_platform_panic/panic.c.obj
 .rodata.timer_hardware_alarm_claim.str1.4
                0x10001b08       0x22 CMakeFiles/program.dir/pico-sdk/src/rp2_common/hardware_timer/timer.c.obj
 .rodata.hard_assertion_failure.str1.4
                0x10001b08        0xc CMakeFiles/program.dir/pico-sdk/src/rp2_common/pico_runtime/runtime.c.obj
 .rodata.str1.4
                0x10001b08       0x2c CMakeFiles/program.dir/pico-sdk/src/rp2_common/pico_standard_binary_info/standard_binary_info.c.obj
 .rodata.__bi_84
                0x10001b08        0xc CMakeFiles/program.dir/pico-sdk/src/rp2_common/pico_standard_binary_info/standard_binary_info.c.obj
 .rodata.__bi_54
                0x10001b14        0xc CMakeFiles/program.dir/pico-sdk/src/rp2_common/pico_standard_binary_info/standard_binary_info.c.obj
 .rodata.__bi_48
                0x10001b20        0xc CMakeFiles/program.dir/pico-sdk/src/rp2_common/pico_standard_binary_info/standard_binary_info.c.obj
 .rodata.__bi_42
                0x10001b2c        0xc CMakeFiles/program.dir/pico-sdk/src/rp2_common/pico_standard_binary_info/standard_binary_info.c.obj
 .rodata.__bi_34
                0x10001b38        0xc CMakeFiles/program.dir/pico-sdk/src/rp2_common/pico_standard_binary_info/standard_binary_info.c.obj
 .rodata.__bi_26
                0x10001b44        0xc CMakeFiles/program.dir/pico-sdk/src/rp2_common/pico_standard_binary_info/standard_binary_info.c.obj
 .rodata.crlf_str.0
                0x10001b50        0x2 CMakeFiles/program.dir/pico-sdk/src/rp2_common/pico_stdio/stdio.c.obj
                0x10001b54                        . = ALIGN (0x4)
 *fill*         0x10001b52        0x2 
 *(SORT_BY_ALIGNMENT(SORT_BY_NAME(.flashdata*)))
                0x10001b54                        . = ALIGN (0x4)

.ARM.extab
 *(.ARM.extab* .gnu.linkonce.armextab.*)
                0x10001b54                        __exidx_start = .

.ARM.exidx
 *(.ARM.exidx* .gnu.linkonce.armexidx.*)
                0x10001b54                        __exidx_end = .
                0x10001b54                        . = ALIGN (0x4)
                0x10001b54                        __binary_info_start = .

.binary_info    0x10001b54       0x18
 *(.binary_info.keep.*)
 .binary_info.keep.__bi_ptr84
                0x10001b54        0x4 CMakeFiles/program.dir/pico-sdk/src/rp2_common/pico_standard_binary_info/standard_binary_info.c.obj
 .binary_info.keep.__bi_ptr54
                0x10001b58        0x4 CMakeFiles/program.dir/pico-sdk/src/rp2_common/pico_standard_binary_info/standard_binary_info.c.obj
 .binary_info.keep.__bi_ptr48
                0x10001b5c        0x4 CMakeFiles/program.dir/pico-sdk/src/rp2_common/pico_standard_binary_info/standard_binary_info.c.obj
 .binary_info.keep.__bi_ptr42
                0x10001b60        0x4 CMakeFiles/program.dir/pico-sdk/src/rp2_common/pico_standard_binary_info/standard_binary_info.c.obj
 .binary_info.keep.__bi_ptr34
                0x10001b64        0x4 CMakeFiles/program.dir/pico-sdk/src/rp2_common/pico_standard_binary_info/standard_binary_info.c.obj
 .binary_info.keep.__bi_ptr26
                0x10001b68        0x4 CMakeFiles/program.dir/pico-sdk/src/rp2_common/pico_standard_binary_info/standard_binary_info.c.obj
 *(.binary_info.*)
                0x10001b6c                        __binary_info_end = .

.rel.dyn        0x10001b6c        0x0
 .rel.iplt      0x10001b6c        0x0 /usr/lib/gcc/arm-none-eabi/13.2.0/thumb/v6-m/nofp/crtbegin.o
                0x10001b6c                        . = ALIGN (0x4)

.ram_vector_table
                0x20000000       0xc0
 *(.ram_vector_table)
 .ram_vector_table
                0x20000000       0xc0 CMakeFiles/program.dir/pico-sdk/src/rp2_common/pico_runtime_init/runtime_init.c.obj
                0x20000000                ram_vector_table

.uninitialized_data
                0x200000c0        0x0
                0x200000c0                        . = ALIGN (0x4)
 *(.uninitialized_data*)

.data           0x200000c0      0x12c load address 0x10001b6c
                0x200000c0                        __data_start__ = .
 *(vtable)
 *(.time_critical*)
 .time_critical.mutex_try_enter_block_until
                0x200000c0       0x9c CMakeFiles/program.dir/pico-sdk/src/common/pico_sync/mutex.c.obj
                0x200000c0                mutex_try_enter_block_until
 .time_critical.mutex_exit
                0x2000015c       0x28 CMakeFiles/program.dir/pico-sdk/src/common/pico_sync/mutex.c.obj
                0x2000015c                mutex_exit
 *(.text*)
 .text          0x20000184        0x4 /usr/lib/gcc/arm-none-eabi/13.2.0/thumb/v6-m/nofp/libgcc.a(_dvmd_tls.o)
                0x20000184                __aeabi_ldiv0
                0x20000184                __aeabi_idiv0
 .text.__stub   0x20000188       0x10 linker stubs
                0x20000198                        . = ALIGN (0x4)
 *(.rodata*)
                0x20000198                        . = ALIGN (0x4)
 *(.data*)
 .data.striped_spin_lock_num
                0x20000198        0x1 CMakeFiles/program.dir/pico-sdk/src/rp2_common/hardware_sync/sync.c.obj
 *fill*         0x20000199        0x3 
 .data.default_alarm_pool
                0x2000019c       0x18 CMakeFiles/program.dir/pico-sdk/src/common/pico_time/time.c.obj
 *fill*         0x200001b4        0xc 
 .data.aeabi_bits_funcs
                0x200001c0       0x10 CMakeFiles/program.dir/pico-sdk/src/rp2_common/pico_bit_ops/bit_ops_aeabi.S.obj
                0x200001c0                aeabi_bits_funcs
                0x200001d0                aeabi_bits_funcs_end
 .data.aeabi_mem_funcs
                0x200001d0       0x10 CMakeFiles/program.dir/pico-sdk/src/rp2_common/pico_mem_ops/mem_ops_aeabi.S.obj
                0x200001d0                aeabi_mem_funcs
                0x200001e0                aeabi_mem_funcs_end
 .data.__atexit_recursive_mutex
                0x200001e0        0x4 /usr/lib/gcc/arm-none-eabi/13.2.0/../../../../arm-none-eabi/lib/thumb/v6-m/nofp/libg.a(libc_a-__call_atexit.o)
                0x200001e0                __atexit_recursive_mutex
                0x200001e4                        . = ALIGN (0x4)
 *(.after_data.*)
                0x200001e4                        . = ALIGN (0x4)
                0x200001e4                        PROVIDE (__mutex_array_start = .)
 *(SORT_BY_NAME(.mutex_array.*))
 *(.mutex_array)
 .mutex_array   0x200001e4        0x8 CMakeFiles/program.dir/pico-sdk/src/rp2_common/pico_stdio/stdio.c.obj
                0x200001ec                        PROVIDE (__mutex_array_end = .)
                0x200001ec                        . = ALIGN (0x4)
 *(.jcr)
                0x200001ec                        . = ALIGN (0x4)

.tm_clone_table
                0x200001ec        0x0 load address 0x10001c98
 .tm_clone_table
                0x200001ec        0x0 /usr/lib/gcc/arm-none-eabi/13.2.0/thumb/v6-m/nofp/crtbegin.o
 .tm_clone_table
                0x200001ec        0x0 /usr/lib/gcc/arm-none-eabi/13.2.0/thumb/v6-m/nofp/crtend.o

.igot.plt       0x200001ec        0x0 load address 0x10001c98
 .igot.plt      0x200001ec        0x0 /usr/lib/gcc/arm-none-eabi/13.2.0/thumb/v6-m/nofp/crtbegin.o

.tdata          0x200001ec        0x0 load address 0x10001c98
                0x200001ec                        . = ALIGN (0x4)
 *(.tdata .tdata.* .gnu.linkonce.td.*)
                0x200001ec                        __tdata_end = .
                0x200001ec                        PROVIDE (__data_end__ = .)
                0x10001b6c                        __etext = LOADADDR (.data)

.tbss           0x200001ec        0x0 load address 0x10001c98
                0x200001ec                        . = ALIGN (0x4)
                0x200001ec                        __bss_start__ = .
                0x200001ec                        __tls_base = .
 *(.tbss .tbss.* .gnu.linkonce.tb.*)
 *(.tcommon)
                0x200001ec                        __tls_end = .

.bss            0x200001f0      0x584 load address 0x10001c98
                0x200001f0                        . = ALIGN (0x4)
                0x200001f0                        __tbss_end = .
 *(SORT_BY_ALIGNMENT(SORT_BY_NAME(.bss*)))
 .bss.default_alarm_pool_entries
                0x200001f0      0x180 CMakeFiles/program.dir/pico-sdk/src/common/pico_time/time.c.obj
 .bss.sd_table  0x20000370      0x100 CMakeFiles/program.dir/pico-sdk/src/rp2_common/pico_double/double_init_rom_rp2040.c.obj
                0x20000370                sd_table
 .bss.sf_table  0x20000470      0x100 CMakeFiles/program.dir/pico-sdk/src/rp2_common/pico_float/float_init_rom_rp2040.c.obj
                0x20000470                sf_table
 .bss           0x20000570       0x1c /usr/lib/gcc/arm-none-eabi/13.2.0/thumb/v6-m/nofp/crtbegin.o
 .bss.__atexit  0x2000058c        0x4 /usr/lib/gcc/arm-none-eabi/13.2.0/../../../../arm-none-eabi/lib/thumb/v6-m/nofp/libg.a(libc_a-__call_atexit.o)
                0x2000058c                __atexit
 .bss.__atexit0
                0x20000590      0x190 /usr/lib/gcc/arm-none-eabi/13.2.0/../../../../arm-none-eabi/lib/thumb/v6-m/nofp/libg.a(libc_a-__atexit.o)
                0x20000590                __atexit0
 .bss.__lock___atexit_recursive_mutex
                0x20000720        0x1 /usr/lib/gcc/arm-none-eabi/13.2.0/../../../../arm-none-eabi/lib/thumb/v6-m/nofp/libg.a(libc_a-lock.o)
                0x20000720                __lock___atexit_recursive_mutex
 *fill*         0x20000721        0x3 
 .bss.claimed   0x20000724        0x1 CMakeFiles/program.dir/pico-sdk/src/rp2_common/hardware_timer/timer.c.obj
 *fill*         0x20000725        0x3 
 .bss.configured_freq
                0x20000728       0x28 CMakeFiles/program.dir/pico-sdk/src/rp2_common/hardware_clocks/clocks.c.obj
 .bss.drivers   0x20000750        0x4 CMakeFiles/program.dir/pico-sdk/src/rp2_common/pico_stdio/stdio.c.obj
 .bss.filter    0x20000754        0x4 CMakeFiles/program.dir/pico-sdk/src/rp2_common/pico_stdio/stdio.c.obj
 .bss.lazy_vsnprintf
                0x20000758        0x4 CMakeFiles/program.dir/pico-sdk/src/rp2_common/pico_printf/printf.c.obj
 .bss.pools     0x2000075c       0x10 CMakeFiles/program.dir/pico-sdk/src/common/pico_time/time.c.obj
 .bss.sf_clz_func
                0x2000076c        0x4 CMakeFiles/program.dir/pico-sdk/src/rp2_common/pico_double/double_init_rom_rp2040.c.obj
                0x2000076c                sf_clz_func
 .bss.sleep_notifier
                0x20000770        0x4 CMakeFiles/program.dir/pico-sdk/src/common/pico_time/time.c.obj
 *(COMMON)
                0x20000774                        . = ALIGN (0x4)
                0x20000774                        __bss_end__ = .

.heap           0x20000774    0x3f88c load address 0x10001c98
                0x20000774                        __end__ = .
                0x20000774                        end = __end__
 *(.heap*)
 .heap          0x20000774      0x800 CMakeFiles/program.dir/pico-sdk/src/rp2_common/pico_crt0/crt0.S.obj
                0x20040000                        . = (ORIGIN (RAM) + LENGTH (RAM))
 *fill*         0x20000f74    0x3f08c 
                0x20040000                        __HeapLimit = .

.scratch_x      0x20040000        0x0 load address 0x10001c98
                0x20040000                        __scratch_x_start__ = .
 *(.scratch_x.*)
                0x20040000                        . = ALIGN (0x4)
                0x20040000                        __scratch_x_end__ = .
                0x10001c98                        __scratch_x_source__ = LOADADDR (.scratch_x)

.scratch_y      0x20041000        0x0 load address 0x10001c98
                0x20041000                        __scratch_y_start__ = .
 *(.scratch_y.*)
                0x20041000                        . = ALIGN (0x4)
                0x20041000                        __scratch_y_end__ = .
                0x10001c98                        __scratch_y_source__ = LOADADDR (.scratch_y)

.stack1_dummy
 *(.stack1*)

.stack_dummy    0x20041000      0x800
 *(.stack*)
 .stack         0x20041000      0x800 CMakeFiles/program.dir/pico-sdk/src/rp2_common/pico_crt0/crt0.S.obj

.flash_end      0x10001c98        0x0
 *(.embedded_end_block*)
                0x10001c98                        PROVIDE (__flash_binary_end = .)
                0x20040000                        __StackLimit = (ORIGIN (RAM) + LENGTH (RAM))
                0x20041000                        __StackOneTop = (ORIGIN (SCRATCH_X) + LENGTH (SCRATCH_X))
                0x20042000                        __StackTop = (ORIGIN (SCRATCH_Y) + LENGTH (SCRATCH_Y))
                0x20041000                        __StackOneBottom = (__StackOneTop - SIZEOF (.stack1_dummy))
                0x20041800                        __StackBottom = (__StackTop - SIZEOF (.stack_dummy))
                0x20042000                        PROVIDE (__stack = __StackTop)
                [!provide]                        PROVIDE (__heap_start = __end__)
                [!provide]                        PROVIDE (__heap_end = __HeapLimit)
                [!provide]                        PROVIDE (__tls_align = MAX (ALIGNOF (.tdata), ALIGNOF (.tbss)))
                [!provide]                        PROVIDE (__tls_size_align = (((__tls_size + __tls_align) - 0x1) & ~ ((__tls_align - 0x1))))
                [!provide]                        PROVIDE (__arm32_tls_tcb_offset = MAX (0x8, __tls_align))
                [!provide]                        PROVIDE (_end = __end__)
                [!provide]                        PROVIDE (__llvm_libc_heap_limit = __HeapLimit)
                0x00000001                        ASSERT ((__StackLimit >= __HeapLimit), region RAM overflowed)
                0x00000001                        ASSERT (((__binary_info_header_end - __logical_binary_start) <= 0x100), Binary info must be in first 256 bytes of the binary)
LOAD CMakeFiles/program.dir/src/main.c.obj
LOAD CMakeFiles/program.dir/pico-sdk/src/rp2_common/pico_stdlib/stdlib.c.obj
LOAD CMakeFiles/program.dir/pico-sdk/src/rp2_common/hardware_gpio/gpio.c.obj
LOAD CMakeFiles/program.dir/pico-sdk/src/rp2040/pico_platform/platform.c.obj
LOAD CMakeFiles/program.dir/pico-sdk/src/rp2_common/pico_platform_panic/panic.c.obj
LOAD CMakeFiles/program.dir/pico-sdk/src/common/hardware_claim/claim.c.obj
LOAD CMakeFiles/program.dir/pico-sdk/src/rp2_common/hardware_sync/sync.c.obj
LOAD CMakeFiles/program.dir/pico-sdk/src/rp2_common/hardware_sync_spin_lock/sync_spin_lock.c.obj
LOAD CMakeFiles/program.dir/pico-sdk/src/rp2_common/hardware_irq/irq.c.obj
LOAD CMakeFiles/program.dir/pico-sdk/src/rp2_common/hardware_irq/irq_handler_chain.S.obj
LOAD CMakeFiles/program.dir/pico-sdk/src/common/pico_sync/sem.c.obj
LOAD CMakeFiles/program.dir/pico-sdk/src/common/pico_sync/lock_core.c.obj
LOAD CMakeFiles/program.dir/pico-sdk/src/common/pico_sync/mutex.c.obj
LOAD CMakeFiles/program.dir/pico-sdk/src/common/pico_sync/critical_section.c.obj
LOAD CMakeFiles/program.dir/pico-sdk/src/common/pico_time/time.c.obj
LOAD CMakeFiles/program.dir/pico-sdk/src/common/pico_time/timeout_helper.c.obj
LOAD CMakeFiles/program.dir/pico-sdk/src/rp2_common/hardware_timer/timer.c.obj
LOAD CMakeFiles/program.dir/pico-sdk/src/common/pico_util/datetime.c.obj
LOAD CMakeFiles/program.dir/pico-sdk/src/common/pico_util/pheap.c.obj
LOAD CMakeFiles/program.dir/pico-sdk/src/common/pico_util/queue.c.obj
LOAD CMakeFiles/program.dir/pico-sdk/src/rp2_common/hardware_uart/uart.c.obj
LOAD CMakeFiles/program.dir/pico-sdk/src/rp2_common/hardware_clocks/clocks.c.obj
LOAD CMakeFiles/program.dir/pico-sdk/src/rp2_common/hardware_pll/pll.c.obj
LOAD CMakeFiles/program.dir/pico-sdk/src/rp2_common/hardware_vreg/vreg.c.obj
LOAD CMakeFiles/program.dir/pico-sdk/src/rp2_common/hardware_watchdog/watchdog.c.obj
LOAD CMakeFiles/program.dir/pico-sdk/src/rp2_common/hardware_ticks/ticks.c.obj
LOAD CMakeFiles/program.dir/pico-sdk/src/rp2_common/hardware_xosc/xosc.c.obj
LOAD CMakeFiles/program.dir/pico-sdk/src/rp2_common/hardware_divider/divider.S.obj
LOAD CMakeFiles/program.dir/pico-sdk/src/rp2_common/pico_runtime/runtime.c.obj
LOAD CMakeFiles/program.dir/pico-sdk/src/rp2_common/pico_runtime_init/runtime_init.c.obj
LOAD CMakeFiles/program.dir/pico-sdk/src/rp2_common/pico_runtime_init/runtime_init_clocks.c.obj
LOAD CMakeFiles/program.dir/pico-sdk/src/rp2_common/pico_runtime_init/runtime_init_stack_guard.c.obj
LOAD CMakeFiles/program.dir/pico-sdk/src/rp2_common/pico_bit_ops/bit_ops_aeabi.S.obj
LOAD CMakeFiles/program.dir/pico-sdk/src/rp2_common/pico_bootrom/bootrom.c.obj
LOAD CMakeFiles/program.dir/pico-sdk/src/rp2_common/pico_bootrom/bootrom_lock.c.obj
LOAD CMakeFiles/program.dir/pico-sdk/src/rp2_common/hardware_boot_lock/boot_lock.c.obj
LOAD CMakeFiles/program.dir/pico-sdk/src/rp2_common/pico_divider/divider_hardware.S.obj
LOAD CMakeFiles/program.dir/pico-sdk/src/rp2_common/pico_double/double_aeabi_rp2040.S.obj
LOAD CMakeFiles/program.dir/pico-sdk/src/rp2_common/pico_double/double_init_rom_rp2040.c.obj
LOAD CMakeFiles/program.dir/pico-sdk/src/rp2_common/pico_double/double_math.c.obj
LOAD CMakeFiles/program.dir/pico-sdk/src/rp2_common/pico_double/double_v1_rom_shim_rp2040.S.obj
LOAD CMakeFiles/program.dir/pico-sdk/src/rp2_common/pico_int64_ops/pico_int64_ops_aeabi.S.obj
LOAD CMakeFiles/program.dir/pico-sdk/src/rp2_common/pico_float/float_aeabi_rp2040.S.obj
LOAD CMakeFiles/program.dir/pico-sdk/src/rp2_common/pico_float/float_init_rom_rp2040.c.obj
LOAD CMakeFiles/program.dir/pico-sdk/src/rp2_common/pico_float/float_math.c.obj
LOAD CMakeFiles/program.dir/pico-sdk/src/rp2_common/pico_float/float_v1_rom_shim_rp2040.S.obj
LOAD CMakeFiles/program.dir/pico-sdk/src/rp2_common/pico_malloc/malloc.c.obj
LOAD CMakeFiles/program.dir/pico-sdk/src/rp2_common/pico_mem_ops/mem_ops_aeabi.S.obj
LOAD CMakeFiles/program.dir/pico-sdk/src/rp2_common/pico_atomic/atomic.c.obj
LOAD CMakeFiles/program.dir/pico-sdk/src/rp2_common/pico_cxx_options/new_delete.cpp.obj
LOAD CMakeFiles/program.dir/pico-sdk/src/rp2_common/pico_standard_binary_info/standard_binary_info.c.obj
LOAD CMakeFiles/program.dir/pico-sdk/src/rp2_common/pico_printf/printf.c.obj
LOAD CMakeFiles/program.dir/pico-sdk/src/rp2_common/pico_crt0/crt0.S.obj
LOAD CMakeFiles/program.dir/pico-sdk/src/rp2_common/pico_clib_interface/newlib_interface.c.obj
LOAD CMakeFiles/program.dir/pico-sdk/src/rp2_common/pico_stdio/stdio.c.obj
LOAD CMakeFiles/program.dir/pico-sdk/src/rp2_common/pico_stdio_uart/stdio_uart.c.obj
LOAD /tmp/ccgjnTP5.o
LOAD /usr/lib/gcc/arm-none-eabi/13.2.0/../../../../arm-none-eabi/lib/thumb/v6-m/nofp/libstdc++.a
LOAD /usr/lib/gcc/arm-none-eabi/13.2.0/../../../../arm-none-eabi/lib/thumb/v6-m/nofp/libm.a
START GROUP
LOAD /usr/lib/gcc/arm-none-eabi/13.2.0/thumb/v6-m/nofp/libgcc.a
LOAD /usr/lib/gcc/arm-none-eabi/13.2.0/../../../../arm-none-eabi/lib/thumb/v6-m/nofp/libg.a
LOAD /usr/lib/gcc/arm-none-eabi/13.2.0/../../../../arm-none-eabi/lib/thumb/v6-m/nofp/libc.a
END GROUP
START GROUP
LOAD /usr/lib/gcc/arm-none-eabi/13.2.0/thumb/v6-m/nofp/libgcc.a
LOAD /usr/lib/gcc/arm-none-eabi/13.2.0/../../../../arm-none-eabi/lib/thumb/v6-m/nofp/libc.a
LOAD /usr/lib/gcc/arm-none-eabi/13.2.0/../../../../arm-none-eabi/lib/thumb/v6-m/nofp/libnosys.a
END GROUP
LOAD /usr/lib/gcc/arm-none-eabi/13.2.0/thumb/v6-m/nofp/crtend.o
LOAD /usr/lib/gcc/arm-none-eabi/13.2.0/thumb/v6-m/nofp/crtn.o
OUTPUT(program.elf elf32-littlearm)
LOAD linker stubs

.ARM.attributes
                0x00000000       0x28
 .ARM.attributes
                0x00000000       0x1e /usr/lib/gcc/arm-none-eabi/13.2.0/thumb/v6-m/nofp/crti.o
 .ARM.attributes
                0x0000001e       0x2c /usr/lib/gcc/arm-none-eabi/13.2.0/thumb/v6-m/nofp/crtbegin.o
 .ARM.attributes
                0x0000004a       0x2c CMakeFiles/program.dir/src/main.c.obj
 .ARM.attributes
                0x00000076       0x2c CMakeFiles/program.dir/pico-sdk/src/rp2_common/hardware_gpio/gpio.c.obj
 .ARM.attributes
                0x000000a2       0x2c CMakeFiles/program.dir/pico-sdk/src/rp2_common/pico_platform_panic/panic.c.obj
 .ARM.attributes
                0x000000ce       0x2c CMakeFiles/program.dir/pico-sdk/src/common/hardware_claim/claim.c.obj
 .ARM.attributes
                0x000000fa       0x2c CMakeFiles/program.dir/pico-sdk/src/rp2_common/hardware_sync/sync.c.obj
 .ARM.attributes
                0x00000126       0x2c CMakeFiles/program.dir/pico-sdk/src/rp2_common/hardware_sync_spin_lock/sync_spin_lock.c.obj
 .ARM.attributes
                0x00000152       0x2c CMakeFiles/program.dir/pico-sdk/src/rp2_common/hardware_irq/irq.c.obj
 .ARM.attributes
                0x0000017e       0x2c CMakeFiles/program.dir/pico-sdk/src/common/pico_sync/lock_core.c.obj
 .ARM.attributes
                0x000001aa       0x2c CMakeFiles/program.dir/pico-sdk/src/common/pico_sync/mutex.c.obj
 .ARM.attributes
                0x000001d6       0x2c CMakeFiles/program.dir/pico-sdk/src/common/pico_time/time.c.obj
 .ARM.attributes
                0x00000202       0x2c CMakeFiles/program.dir/pico-sdk/src/rp2_common/hardware_timer/timer.c.obj
 .ARM.attributes
                0x0000022e       0x2c CMakeFiles/program.dir/pico-sdk/src/rp2_common/hardware_clocks/clocks.c.obj
 .ARM.attributes
                0x0000025a       0x2c CMakeFiles/program.dir/pico-sdk/src/rp2_common/hardware_pll/pll.c.obj
 .ARM.attributes
                0x00000286       0x2c CMakeFiles/program.dir/pico-sdk/src/rp2_common/hardware_ticks/ticks.c.obj
 .ARM.attributes
                0x000002b2       0x2c CMakeFiles/program.dir/pico-sdk/src/rp2_common/hardware_xosc/xosc.c.obj
 .ARM.attributes
                0x000002de       0x2c CMakeFiles/program.dir/pico-sdk/src/rp2_common/pico_runtime/runtime.c.obj
 .ARM.attributes
                0x0000030a       0x2c CMakeFiles/program.dir/pico-sdk/src/rp2_common/pico_runtime_init/runtime_init.c.obj
 .ARM.attributes
                0x00000336       0x2c CMakeFiles/program.dir/pico-sdk/src/rp2_common/pico_runtime_init/runtime_init_clocks.c.obj
 .ARM.attributes
                0x00000362       0x22 CMakeFiles/program.dir/pico-sdk/src/rp2_common/pico_bit_ops/bit_ops_aeabi.S.obj
 .ARM.attributes
                0x00000384       0x2c CMakeFiles/program.dir/pico-sdk/src/rp2_common/pico_bootrom/bootrom.c.obj
 .ARM.attributes
                0x000003b0       0x22 CMakeFiles/program.dir/pico-sdk/src/rp2_common/pico_divider/divider_hardware.S.obj
 .ARM.attributes
                0x000003d2       0x22 CMakeFiles/program.dir/pico-sdk/src/rp2_common/pico_double/double_aeabi_rp2040.S.obj
 .ARM.attributes
                0x000003f4       0x2c CMakeFiles/program.dir/pico-sdk/src/rp2_common/pico_double/double_init_rom_rp2040.c.obj
 .ARM.attributes
                0x00000420       0x22 CMakeFiles/program.dir/pico-sdk/src/rp2_common/pico_double/double_v1_rom_shim_rp2040.S.obj
 .ARM.attributes
                0x00000442       0x22 CMakeFiles/program.dir/pico-sdk/src/rp2_common/pico_int64_ops/pico_int64_ops_aeabi.S.obj
 .ARM.attributes
                0x00000464       0x22 CMakeFiles/program.dir/pico-sdk/src/rp2_common/pico_float/float_aeabi_rp2040.S.obj
 .ARM.attributes
                0x00000486       0x2c CMakeFiles/program.dir/pico-sdk/src/rp2_common/pico_float/float_init_rom_rp2040.c.obj
 .ARM.attributes
                0x000004b2       0x22 CMakeFiles/program.dir/pico-sdk/src/rp2_common/pico_float/float_v1_rom_shim_rp2040.S.obj
 .ARM.attributes
                0x000004d4       0x22 CMakeFiles/program.dir/pico-sdk/src/rp2_common/pico_mem_ops/mem_ops_aeabi.S.obj
 .ARM.attributes
                0x000004f6       0x2c CMakeFiles/program.dir/pico-sdk/src/rp2_common/pico_standard_binary_info/standard_binary_info.c.obj
 .ARM.attributes
                0x00000522       0x2c CMakeFiles/program.dir/pico-sdk/src/rp2_common/pico_printf/printf.c.obj
 .ARM.attributes
                0x0000054e       0x22 CMakeFiles/program.dir/pico-sdk/src/rp2_common/pico_crt0/crt0.S.obj
 .ARM.attributes
                0x00000570       0x2c CMakeFiles/program.dir/pico-sdk/src/rp2_common/pico_clib_interface/newlib_interface.c.obj
 .ARM.attributes
                0x0000059c       0x2c CMakeFiles/program.dir/pico-sdk/src/rp2_common/pico_stdio/stdio.c.obj
 .ARM.attributes
                0x000005c8       0x22 /tmp/ccgjnTP5.o
 .ARM.attributes
                0x000005ea       0x1e /usr/lib/gcc/arm-none-eabi/13.2.0/thumb/v6-m/nofp/libgcc.a(_dvmd_tls.o)
 .ARM.attributes
                0x00000608       0x2c /usr/lib/gcc/arm-none-eabi/13.2.0/../../../../arm-none-eabi/lib/thumb/v6-m/nofp/libg.a(libc_a-atexit.o)
 .ARM.attributes
                0x00000634       0x2c /usr/lib/gcc/arm-none-eabi/13.2.0/../../../../arm-none-eabi/lib/thumb/v6-m/nofp/libg.a(libc_a-fini.o)
 .ARM.attributes
                0x00000660       0x2c /usr/lib/gcc/arm-none-eabi/13.2.0/../../../../arm-none-eabi/lib/thumb/v6-m/nofp/libg.a(libc_a-lock.o)
 .ARM.attributes
                0x0000068c       0x2c /usr/lib/gcc/arm-none-eabi/13.2.0/../../../../arm-none-eabi/lib/thumb/v6-m/nofp/libg.a(libc_a-strlen-stub.o)
 .ARM.attributes
                0x000006b8       0x2c /usr/lib/gcc/arm-none-eabi/13.2.0/../../../../arm-none-eabi/lib/thumb/v6-m/nofp/libg.a(libc_a-__atexit.o)
 .ARM.attributes
                0x000006e4       0x2c /usr/lib/gcc/arm-none-eabi/13.2.0/../../../../arm-none-eabi/lib/thumb/v6-m/nofp/libg.a(libc_a-__call_atexit.o)
 .ARM.attributes
                0x00000710       0x2c /usr/lib/gcc/arm-none-eabi/13.2.0/thumb/v6-m/nofp/crtend.o

.comment        0x00000000       0x46
 .comment       0x00000000       0x46 /usr/lib/gcc/arm-none-eabi/13.2.0/thumb/v6-m/nofp/crtbegin.o
                                 0x24 (size before relaxing)
 .comment       0x00000046       0x24 CMakeFiles/program.dir/src/main.c.obj
 .comment       0x00000046       0x24 CMakeFiles/program.dir/pico-sdk/src/rp2_common/hardware_gpio/gpio.c.obj
 .comment       0x00000046       0x24 CMakeFiles/program.dir/pico-sdk/src/rp2_common/pico_platform_panic/panic.c.obj
 .comment       0x00000046       0x24 CMakeFiles/program.dir/pico-sdk/src/common/hardware_claim/claim.c.obj
 .comment       0x00000046       0x24 CMakeFiles/program.dir/pico-sdk/src/rp2_common/hardware_sync/sync.c.obj
 .comment       0x00000046       0x24 CMakeFiles/program.dir/pico-sdk/src/rp2_common/hardware_sync_spin_lock/sync_spin_lock.c.obj
 .comment       0x00000046       0x24 CMakeFiles/program.dir/pico-sdk/src/rp2_common/hardware_irq/irq.c.obj
 .comment       0x00000046       0x24 CMakeFiles/program.dir/pico-sdk/src/common/pico_sync/lock_core.c.obj
 .comment       0x00000046       0x24 CMakeFiles/program.dir/pico-sdk/src/common/pico_sync/mutex.c.obj
 .comment       0x00000046       0x24 CMakeFiles/program.dir/pico-sdk/src/common/pico_time/time.c.obj
 .comment       0x00000046       0x24 CMakeFiles/program.dir/pico-sdk/src/rp2_common/hardware_timer/timer.c.obj
 .comment       0x00000046       0x24 CMakeFiles/program.dir/pico-sdk/src/rp2_common/hardware_clocks/clocks.c.obj
 .comment       0x00000046       0x24 CMakeFiles/program.dir/pico-sdk/src/rp2_common/hardware_pll/pll.c.obj
 .comment       0x00000046       0x24 CMakeFiles/program.dir/pico-sdk/src/rp2_common/hardware_ticks/ticks.c.obj
 .comment       0x00000046       0x24 CMakeFiles/program.dir/pico-sdk/src/rp2_common/hardware_xosc/xosc.c.obj
 .comment       0x00000046       0x24 CMakeFiles/program.dir/pico-sdk/src/rp2_common/pico_runtime/runtime.c.obj
 .comment       0x00000046       0x24 CMakeFiles/program.dir/pico-sdk/src/rp2_common/pico_runtime_init/runtime_init.c.obj
 .comment       0x00000046       0x24 CMakeFiles/program.dir/pico-sdk/src/rp2_common/pico_runtime_init/runtime_init_clocks.c.obj
 .comment       0x00000046       0x24 CMakeFiles/program.dir/pico-sdk/src/rp2_common/pico_bootrom/bootrom.c.obj
 .comment       0x00000046       0x24 CMakeFiles/program.dir/pico-sdk/src/rp2_common/pico_double/double_init_rom_rp2040.c.obj
 .comment       0x00000046       0x24 CMakeFiles/program.dir/pico-sdk/src/rp2_common/pico_float/float_init_rom_rp2040.c.obj
 .comment       0x00000046       0x24 CMakeFiles/program.dir/pico-sdk/src/rp2_common/pico_standard_binary_info/standard_binary_info.c.obj
 .comment       0x00000046       0x24 CMakeFiles/program.dir/pico-sdk/src/rp2_common/pico_printf/printf.c.obj
 .comment       0x00000046       0x24 CMakeFiles/program.dir/pico-sdk/src/rp2_common/pico_clib_interface/newlib_interface.c.obj
 .comment       0x00000046       0x24 CMakeFiles/program.dir/pico-sdk/src/rp2_common/pico_stdio/stdio.c.obj
 .comment       0x00000046       0x24 /usr/lib/gcc/arm-none-eabi/13.2.0/../../../../arm-none-eabi/lib/thumb/v6-m/nofp/libg.a(libc_a-atexit.o)
 .comment       0x00000046       0x24 /usr/lib/gcc/arm-none-eabi/13.2.0/../../../../arm-none-eabi/lib/thumb/v6-m/nofp/libg.a(libc_a-fini.o)
 .comment       0x00000046       0x24 /usr/lib/gcc/arm-none-eabi/13.2.0/../../../../arm-none-eabi/lib/thumb/v6-m/nofp/libg.a(libc_a-lock.o)
 .comment       0x00000046       0x24 /usr/lib/gcc/arm-none-eabi/13.2.0/../../../../arm-none-eabi/lib/thumb/v6-m/nofp/libg.a(libc_a-strlen-stub.o)
 .comment       0x00000046       0x24 /usr/lib/gcc/arm-none-eabi/13.2.0/../../../../arm-none-eabi/lib/thumb/v6-m/nofp/libg.a(libc_a-__atexit.o)
 .comment       0x00000046       0x24 /usr/lib/gcc/arm-none-eabi/13.2.0/../../../../arm-none-eabi/lib/thumb/v6-m/nofp/libg.a(libc_a-__call_atexit.o)
 .comment       0x00000046       0x24 /usr/lib/gcc/arm-none-eabi/13.2.0/thumb/v6-m/nofp/crtend.o

.debug_info     0x00000000    0x1a2cf
 .debug_info    0x00000000      0x84c CMakeFiles/program.dir/src/main.c.obj
 .debug_info    0x0000084c     0x2437 CMakeFiles/program.dir/pico-sdk/src/rp2_common/hardware_gpio/gpio.c.obj
 .debug_info    0x00002c83      0x1bf CMakeFiles/program.dir/pico-sdk/src/rp2_common/pico_platform_panic/panic.c.obj
 .debug_info    0x00002e42      0x995 CMakeFiles/program.dir/pico-sdk/src/common/hardware_claim/claim.c.obj
 .debug_info    0x000037d7      0x458 CMakeFiles/program.dir/pico-sdk/src/rp2_common/hardware_sync/sync.c.obj
 .debug_info    0x00003c2f      0x245 CMakeFiles/program.dir/pico-sdk/src/rp2_common/hardware_sync_spin_lock/sync_spin_lock.c.obj
 .debug_info    0x00003e74     0x21a8 CMakeFiles/program.dir/pico-sdk/src/rp2_common/hardware_irq/irq.c.obj
 .debug_info    0x0000601c      0x15f CMakeFiles/program.dir/pico-sdk/src/common/pico_sync/lock_core.c.obj
 .debug_info    0x0000617b     0x2803 CMakeFiles/program.dir/pico-sdk/src/common/pico_sync/mutex.c.obj
 .debug_info    0x0000897e     0x495a CMakeFiles/program.dir/pico-sdk/src/common/pico_time/time.c.obj
 .debug_info    0x0000d2d8     0x2af8 CMakeFiles/program.dir/pico-sdk/src/rp2_common/hardware_timer/timer.c.obj
 .debug_info    0x0000fdd0     0x291d CMakeFiles/program.dir/pico-sdk/src/rp2_common/hardware_clocks/clocks.c.obj
 .debug_info    0x000126ed      0x4e5 CMakeFiles/program.dir/pico-sdk/src/rp2_common/hardware_pll/pll.c.obj
 .debug_info    0x00012bd2      0x248 CMakeFiles/program.dir/pico-sdk/src/rp2_common/hardware_ticks/ticks.c.obj
 .debug_info    0x00012e1a      0x1cc CMakeFiles/program.dir/pico-sdk/src/rp2_common/hardware_xosc/xosc.c.obj
 .debug_info    0x00012fe6      0x21a CMakeFiles/program.dir/pico-sdk/src/rp2_common/pico_runtime/runtime.c.obj
 .debug_info    0x00013200      0x795 CMakeFiles/program.dir/pico-sdk/src/rp2_common/pico_runtime_init/runtime_init.c.obj
 .debug_info    0x00013995      0x780 CMakeFiles/program.dir/pico-sdk/src/rp2_common/pico_runtime_init/runtime_init_clocks.c.obj
 .debug_info    0x00014115       0x23 CMakeFiles/program.dir/pico-sdk/src/rp2_common/pico_bit_ops/bit_ops_aeabi.S.obj
 .debug_info    0x00014138      0x50f CMakeFiles/program.dir/pico-sdk/src/rp2_common/pico_bootrom/bootrom.c.obj
 .debug_info    0x00014647       0x23 CMakeFiles/program.dir/pico-sdk/src/rp2_common/pico_divider/divider_hardware.S.obj
 .debug_info    0x0001466a       0x23 CMakeFiles/program.dir/pico-sdk/src/rp2_common/pico_double/double_aeabi_rp2040.S.obj
 .debug_info    0x0001468d      0x283 CMakeFiles/program.dir/pico-sdk/src/rp2_common/pico_double/double_init_rom_rp2040.c.obj
 .debug_info    0x00014910       0x23 CMakeFiles/program.dir/pico-sdk/src/rp2_common/pico_double/double_v1_rom_shim_rp2040.S.obj
 .debug_info    0x00014933       0x24 CMakeFiles/program.dir/pico-sdk/src/rp2_common/pico_int64_ops/pico_int64_ops_aeabi.S.obj
 .debug_info    0x00014957       0x23 CMakeFiles/program.dir/pico-sdk/src/rp2_common/pico_float/float_aeabi_rp2040.S.obj
 .debug_info    0x0001497a      0x283 CMakeFiles/program.dir/pico-sdk/src/rp2_common/pico_float/float_init_rom_rp2040.c.obj
 .debug_info    0x00014bfd       0x23 CMakeFiles/program.dir/pico-sdk/src/rp2_common/pico_float/float_v1_rom_shim_rp2040.S.obj
 .debug_info    0x00014c20       0x23 CMakeFiles/program.dir/pico-sdk/src/rp2_common/pico_mem_ops/mem_ops_aeabi.S.obj
 .debug_info    0x00014c43      0x28e CMakeFiles/program.dir/pico-sdk/src/rp2_common/pico_standard_binary_info/standard_binary_info.c.obj
 .debug_info    0x00014ed1     0x211a CMakeFiles/program.dir/pico-sdk/src/rp2_common/pico_printf/printf.c.obj
 .debug_info    0x00016feb       0x23 CMakeFiles/program.dir/pico-sdk/src/rp2_common/pico_crt0/crt0.S.obj
 .debug_info    0x0001700e      0xb54 CMakeFiles/program.dir/pico-sdk/src/rp2_common/pico_clib_interface/newlib_interface.c.obj
 .debug_info    0x00017b62     0x1cdd CMakeFiles/program.dir/pico-sdk/src/rp2_common/pico_stdio/stdio.c.obj
 .debug_info    0x0001983f       0x3c /usr/lib/gcc/arm-none-eabi/13.2.0/thumb/v6-m/nofp/libgcc.a(_dvmd_tls.o)
 .debug_info    0x0001987b      0x11e /usr/lib/gcc/arm-none-eabi/13.2.0/../../../../arm-none-eabi/lib/thumb/v6-m/nofp/libg.a(libc_a-atexit.o)
 .debug_info    0x00019999       0xf7 /usr/lib/gcc/arm-none-eabi/13.2.0/../../../../arm-none-eabi/lib/thumb/v6-m/nofp/libg.a(libc_a-fini.o)
 .debug_info    0x00019a90      0x218 /usr/lib/gcc/arm-none-eabi/13.2.0/../../../../arm-none-eabi/lib/thumb/v6-m/nofp/libg.a(libc_a-lock.o)
 .debug_info    0x00019ca8       0xeb /usr/lib/gcc/arm-none-eabi/13.2.0/../../../../arm-none-eabi/lib/thumb/v6-m/nofp/libg.a(libc_a-strlen-stub.o)
 .debug_info    0x00019d93      0x25f /usr/lib/gcc/arm-none-eabi/13.2.0/../../../../arm-none-eabi/lib/thumb/v6-m/nofp/libg.a(libc_a-__atexit.o)
 .debug_info    0x00019ff2      0x2dd /usr/lib/gcc/arm-none-eabi/13.2.0/../../../../arm-none-eabi/lib/thumb/v6-m/nofp/libg.a(libc_a-__call_atexit.o)

.debug_abbrev   0x00000000     0x5132
 .debug_abbrev  0x00000000      0x292 CMakeFiles/program.dir/src/main.c.obj
 .debug_abbrev  0x00000292      0x4f9 CMakeFiles/program.dir/pico-sdk/src/rp2_common/hardware_gpio/gpio.c.obj
 .debug_abbrev  0x0000078b      0x12b CMakeFiles/program.dir/pico-sdk/src/rp2_common/pico_platform_panic/panic.c.obj
 .debug_abbrev  0x000008b6      0x33b CMakeFiles/program.dir/pico-sdk/src/common/hardware_claim/claim.c.obj
 .debug_abbrev  0x00000bf1      0x20d CMakeFiles/program.dir/pico-sdk/src/rp2_common/hardware_sync/sync.c.obj
 .debug_abbrev  0x00000dfe      0x1bb CMakeFiles/program.dir/pico-sdk/src/rp2_common/hardware_sync_spin_lock/sync_spin_lock.c.obj
 .debug_abbrev  0x00000fb9      0x5ff CMakeFiles/program.dir/pico-sdk/src/rp2_common/hardware_irq/irq.c.obj
 .debug_abbrev  0x000015b8       0xee CMakeFiles/program.dir/pico-sdk/src/common/pico_sync/lock_core.c.obj
 .debug_abbrev  0x000016a6      0x48c CMakeFiles/program.dir/pico-sdk/src/common/pico_sync/mutex.c.obj
 .debug_abbrev  0x00001b32      0x672 CMakeFiles/program.dir/pico-sdk/src/common/pico_time/time.c.obj
 .debug_abbrev  0x000021a4      0x503 CMakeFiles/program.dir/pico-sdk/src/rp2_common/hardware_timer/timer.c.obj
 .debug_abbrev  0x000026a7      0x4e2 CMakeFiles/program.dir/pico-sdk/src/rp2_common/hardware_clocks/clocks.c.obj
 .debug_abbrev  0x00002b89      0x1d2 CMakeFiles/program.dir/pico-sdk/src/rp2_common/hardware_pll/pll.c.obj
 .debug_abbrev  0x00002d5b      0x145 CMakeFiles/program.dir/pico-sdk/src/rp2_common/hardware_ticks/ticks.c.obj
 .debug_abbrev  0x00002ea0      0x11b CMakeFiles/program.dir/pico-sdk/src/rp2_common/hardware_xosc/xosc.c.obj
 .debug_abbrev  0x00002fbb      0x182 CMakeFiles/program.dir/pico-sdk/src/rp2_common/pico_runtime/runtime.c.obj
 .debug_abbrev  0x0000313d      0x222 CMakeFiles/program.dir/pico-sdk/src/rp2_common/pico_runtime_init/runtime_init.c.obj
 .debug_abbrev  0x0000335f      0x294 CMakeFiles/program.dir/pico-sdk/src/rp2_common/pico_runtime_init/runtime_init_clocks.c.obj
 .debug_abbrev  0x000035f3       0x12 CMakeFiles/program.dir/pico-sdk/src/rp2_common/pico_bit_ops/bit_ops_aeabi.S.obj
 .debug_abbrev  0x00003605      0x1b9 CMakeFiles/program.dir/pico-sdk/src/rp2_common/pico_bootrom/bootrom.c.obj
 .debug_abbrev  0x000037be       0x12 CMakeFiles/program.dir/pico-sdk/src/rp2_common/pico_divider/divider_hardware.S.obj
 .debug_abbrev  0x000037d0       0x12 CMakeFiles/program.dir/pico-sdk/src/rp2_common/pico_double/double_aeabi_rp2040.S.obj
 .debug_abbrev  0x000037e2      0x17a CMakeFiles/program.dir/pico-sdk/src/rp2_common/pico_double/double_init_rom_rp2040.c.obj
 .debug_abbrev  0x0000395c       0x12 CMakeFiles/program.dir/pico-sdk/src/rp2_common/pico_double/double_v1_rom_shim_rp2040.S.obj
 .debug_abbrev  0x0000396e       0x14 CMakeFiles/program.dir/pico-sdk/src/rp2_common/pico_int64_ops/pico_int64_ops_aeabi.S.obj
 .debug_abbrev  0x00003982       0x12 CMakeFiles/program.dir/pico-sdk/src/rp2_common/pico_float/float_aeabi_rp2040.S.obj
 .debug_abbrev  0x00003994      0x173 CMakeFiles/program.dir/pico-sdk/src/rp2_common/pico_float/float_init_rom_rp2040.c.obj
 .debug_abbrev  0x00003b07       0x12 CMakeFiles/program.dir/pico-sdk/src/rp2_common/pico_float/float_v1_rom_shim_rp2040.S.obj
 .debug_abbrev  0x00003b19       0x12 CMakeFiles/program.dir/pico-sdk/src/rp2_common/pico_mem_ops/mem_ops_aeabi.S.obj
 .debug_abbrev  0x00003b2b       0xb8 CMakeFiles/program.dir/pico-sdk/src/rp2_common/pico_standard_binary_info/standard_binary_info.c.obj
 .debug_abbrev  0x00003be3      0x525 CMakeFiles/program.dir/pico-sdk/src/rp2_common/pico_printf/printf.c.obj
 .debug_abbrev  0x00004108       0x12 CMakeFiles/program.dir/pico-sdk/src/rp2_common/pico_crt0/crt0.S.obj
 .debug_abbrev  0x0000411a      0x352 CMakeFiles/program.dir/pico-sdk/src/rp2_common/pico_clib_interface/newlib_interface.c.obj
 .debug_abbrev  0x0000446c      0x5eb CMakeFiles/program.dir/pico-sdk/src/rp2_common/pico_stdio/stdio.c.obj
 .debug_abbrev  0x00004a57       0x26 /usr/lib/gcc/arm-none-eabi/13.2.0/thumb/v6-m/nofp/libgcc.a(_dvmd_tls.o)
 .debug_abbrev  0x00004a7d       0xbe /usr/lib/gcc/arm-none-eabi/13.2.0/../../../../arm-none-eabi/lib/thumb/v6-m/nofp/libg.a(libc_a-atexit.o)
 .debug_abbrev  0x00004b3b       0xc9 /usr/lib/gcc/arm-none-eabi/13.2.0/../../../../arm-none-eabi/lib/thumb/v6-m/nofp/libg.a(libc_a-fini.o)
 .debug_abbrev  0x00004c04      0x115 /usr/lib/gcc/arm-none-eabi/13.2.0/../../../../arm-none-eabi/lib/thumb/v6-m/nofp/libg.a(libc_a-lock.o)
 .debug_abbrev  0x00004d19       0x90 /usr/lib/gcc/arm-none-eabi/13.2.0/../../../../arm-none-eabi/lib/thumb/v6-m/nofp/libg.a(libc_a-strlen-stub.o)
 .debug_abbrev  0x00004da9      0x189 /usr/lib/gcc/arm-none-eabi/13.2.0/../../../../arm-none-eabi/lib/thumb/v6-m/nofp/libg.a(libc_a-__atexit.o)
 .debug_abbrev  0x00004f32      0x200 /usr/lib/gcc/arm-none-eabi/13.2.0/../../../../arm-none-eabi/lib/thumb/v6-m/nofp/libg.a(libc_a-__call_atexit.o)

.debug_loclists
                0x00000000     0xf297
 .debug_loclists
                0x00000000      0x211 CMakeFiles/program.dir/src/main.c.obj
 .debug_loclists
                0x00000211     0x1a03 CMakeFiles/program.dir/pico-sdk/src/rp2_common/hardware_gpio/gpio.c.obj
 .debug_loclists
                0x00001c14      0x36e CMakeFiles/program.dir/pico-sdk/src/common/hardware_claim/claim.c.obj
 .debug_loclists
                0x00001f82       0xf1 CMakeFiles/program.dir/pico-sdk/src/rp2_common/hardware_sync/sync.c.obj
 .debug_loclists
                0x00002073       0x7d CMakeFiles/program.dir/pico-sdk/src/rp2_common/hardware_sync_spin_lock/sync_spin_lock.c.obj
 .debug_loclists
                0x000020f0     0x116f CMakeFiles/program.dir/pico-sdk/src/rp2_common/hardware_irq/irq.c.obj
 .debug_loclists
                0x0000325f       0x41 CMakeFiles/program.dir/pico-sdk/src/common/pico_sync/lock_core.c.obj
 .debug_loclists
                0x000032a0      0xafa CMakeFiles/program.dir/pico-sdk/src/common/pico_sync/mutex.c.obj
 .debug_loclists
                0x00003d9a     0x259c CMakeFiles/program.dir/pico-sdk/src/common/pico_time/time.c.obj
 .debug_loclists
                0x00006336     0x19ea CMakeFiles/program.dir/pico-sdk/src/rp2_common/hardware_timer/timer.c.obj
 .debug_loclists
                0x00007d20     0x28a5 CMakeFiles/program.dir/pico-sdk/src/rp2_common/hardware_clocks/clocks.c.obj
 .debug_loclists
                0x0000a5c5      0x1e0 CMakeFiles/program.dir/pico-sdk/src/rp2_common/hardware_pll/pll.c.obj
 .debug_loclists
                0x0000a7a5       0x47 CMakeFiles/program.dir/pico-sdk/src/rp2_common/hardware_ticks/ticks.c.obj
 .debug_loclists
                0x0000a7ec       0x48 CMakeFiles/program.dir/pico-sdk/src/rp2_common/hardware_xosc/xosc.c.obj
 .debug_loclists
                0x0000a834       0x7e CMakeFiles/program.dir/pico-sdk/src/rp2_common/pico_runtime/runtime.c.obj
 .debug_loclists
                0x0000a8b2       0xba CMakeFiles/program.dir/pico-sdk/src/rp2_common/pico_runtime_init/runtime_init.c.obj
 .debug_loclists
                0x0000a96c       0x74 CMakeFiles/program.dir/pico-sdk/src/rp2_common/pico_runtime_init/runtime_init_clocks.c.obj
 .debug_loclists
                0x0000a9e0      0x2ba CMakeFiles/program.dir/pico-sdk/src/rp2_common/pico_bootrom/bootrom.c.obj
 .debug_loclists
                0x0000ac9a       0x3d CMakeFiles/program.dir/pico-sdk/src/rp2_common/pico_double/double_init_rom_rp2040.c.obj
 .debug_loclists
                0x0000acd7       0x59 CMakeFiles/program.dir/pico-sdk/src/rp2_common/pico_float/float_init_rom_rp2040.c.obj
 .debug_loclists
                0x0000ad30     0x2f65 CMakeFiles/program.dir/pico-sdk/src/rp2_common/pico_printf/printf.c.obj
 .debug_loclists
                0x0000dc95      0x431 CMakeFiles/program.dir/pico-sdk/src/rp2_common/pico_clib_interface/newlib_interface.c.obj
 .debug_loclists
                0x0000e0c6      0xeab CMakeFiles/program.dir/pico-sdk/src/rp2_common/pico_stdio/stdio.c.obj
 .debug_loclists
                0x0000ef71       0x30 /usr/lib/gcc/arm-none-eabi/13.2.0/../../../../arm-none-eabi/lib/thumb/v6-m/nofp/libg.a(libc_a-atexit.o)
 .debug_loclists
                0x0000efa1       0x34 /usr/lib/gcc/arm-none-eabi/13.2.0/../../../../arm-none-eabi/lib/thumb/v6-m/nofp/libg.a(libc_a-fini.o)
 .debug_loclists
                0x0000efd5       0x29 /usr/lib/gcc/arm-none-eabi/13.2.0/../../../../arm-none-eabi/lib/thumb/v6-m/nofp/libg.a(libc_a-lock.o)
 .debug_loclists
                0x0000effe       0x64 /usr/lib/gcc/arm-none-eabi/13.2.0/../../../../arm-none-eabi/lib/thumb/v6-m/nofp/libg.a(libc_a-strlen-stub.o)
 .debug_loclists
                0x0000f062      0x122 /usr/lib/gcc/arm-none-eabi/13.2.0/../../../../arm-none-eabi/lib/thumb/v6-m/nofp/libg.a(libc_a-__atexit.o)
 .debug_loclists
                0x0000f184      0x113 /usr/lib/gcc/arm-none-eabi/13.2.0/../../../../arm-none-eabi/lib/thumb/v6-m/nofp/libg.a(libc_a-__call_atexit.o)

.debug_aranges  0x00000000      0xf80
 .debug_aranges
                0x00000000       0x30 CMakeFiles/program.dir/src/main.c.obj
 .debug_aranges
                0x00000030      0x120 CMakeFiles/program.dir/pico-sdk/src/rp2_common/hardware_gpio/gpio.c.obj
 .debug_aranges
                0x00000150       0x28 CMakeFiles/program.dir/pico-sdk/src/rp2_common/pico_platform_panic/panic.c.obj
 .debug_aranges
                0x00000178       0x48 CMakeFiles/program.dir/pico-sdk/src/common/hardware_claim/claim.c.obj
 .debug_aranges
                0x000001c0       0x48 CMakeFiles/program.dir/pico-sdk/src/rp2_common/hardware_sync/sync.c.obj
 .debug_aranges
                0x00000208       0x28 CMakeFiles/program.dir/pico-sdk/src/rp2_common/hardware_sync_spin_lock/sync_spin_lock.c.obj
 .debug_aranges
                0x00000230       0xb0 CMakeFiles/program.dir/pico-sdk/src/rp2_common/hardware_irq/irq.c.obj
 .debug_aranges
                0x000002e0       0x20 CMakeFiles/program.dir/pico-sdk/src/common/pico_sync/lock_core.c.obj
 .debug_aranges
                0x00000300       0x98 CMakeFiles/program.dir/pico-sdk/src/common/pico_sync/mutex.c.obj
 .debug_aranges
                0x00000398       0xe0 CMakeFiles/program.dir/pico-sdk/src/common/pico_time/time.c.obj
 .debug_aranges
                0x00000478       0xf0 CMakeFiles/program.dir/pico-sdk/src/rp2_common/hardware_timer/timer.c.obj
 .debug_aranges
                0x00000568       0x90 CMakeFiles/program.dir/pico-sdk/src/rp2_common/hardware_clocks/clocks.c.obj
 .debug_aranges
                0x000005f8       0x28 CMakeFiles/program.dir/pico-sdk/src/rp2_common/hardware_pll/pll.c.obj
 .debug_aranges
                0x00000620       0x30 CMakeFiles/program.dir/pico-sdk/src/rp2_common/hardware_ticks/ticks.c.obj
 .debug_aranges
                0x00000650       0x30 CMakeFiles/program.dir/pico-sdk/src/rp2_common/hardware_xosc/xosc.c.obj
 .debug_aranges
                0x00000680       0x38 CMakeFiles/program.dir/pico-sdk/src/rp2_common/pico_runtime/runtime.c.obj
 .debug_aranges
                0x000006b8       0x48 CMakeFiles/program.dir/pico-sdk/src/rp2_common/pico_runtime_init/runtime_init.c.obj
 .debug_aranges
                0x00000700       0x20 CMakeFiles/program.dir/pico-sdk/src/rp2_common/pico_runtime_init/runtime_init_clocks.c.obj
 .debug_aranges
                0x00000720       0x60 CMakeFiles/program.dir/pico-sdk/src/rp2_common/pico_bit_ops/bit_ops_aeabi.S.obj
 .debug_aranges
                0x00000780       0x38 CMakeFiles/program.dir/pico-sdk/src/rp2_common/pico_bootrom/bootrom.c.obj
 .debug_aranges
                0x000007b8       0x40 CMakeFiles/program.dir/pico-sdk/src/rp2_common/pico_divider/divider_hardware.S.obj
 .debug_aranges
                0x000007f8      0x140 CMakeFiles/program.dir/pico-sdk/src/rp2_common/pico_double/double_aeabi_rp2040.S.obj
 .debug_aranges
                0x00000938       0x20 CMakeFiles/program.dir/pico-sdk/src/rp2_common/pico_double/double_init_rom_rp2040.c.obj
 .debug_aranges
                0x00000958       0xc8 CMakeFiles/program.dir/pico-sdk/src/rp2_common/pico_double/double_v1_rom_shim_rp2040.S.obj
 .debug_aranges
                0x00000a20       0x20 CMakeFiles/program.dir/pico-sdk/src/rp2_common/pico_int64_ops/pico_int64_ops_aeabi.S.obj
 .debug_aranges
                0x00000a40      0x130 CMakeFiles/program.dir/pico-sdk/src/rp2_common/pico_float/float_aeabi_rp2040.S.obj
 .debug_aranges
                0x00000b70       0x20 CMakeFiles/program.dir/pico-sdk/src/rp2_common/pico_float/float_init_rom_rp2040.c.obj
 .debug_aranges
                0x00000b90       0x50 CMakeFiles/program.dir/pico-sdk/src/rp2_common/pico_float/float_v1_rom_shim_rp2040.S.obj
 .debug_aranges
                0x00000be0       0x38 CMakeFiles/program.dir/pico-sdk/src/rp2_common/pico_mem_ops/mem_ops_aeabi.S.obj
 .debug_aranges
                0x00000c18       0x18 CMakeFiles/program.dir/pico-sdk/src/rp2_common/pico_standard_binary_info/standard_binary_info.c.obj
 .debug_aranges
                0x00000c30       0x90 CMakeFiles/program.dir/pico-sdk/src/rp2_common/pico_printf/printf.c.obj
 .debug_aranges
                0x00000cc0       0x28 CMakeFiles/program.dir/pico-sdk/src/rp2_common/pico_crt0/crt0.S.obj
 .debug_aranges
                0x00000ce8       0xa0 CMakeFiles/program.dir/pico-sdk/src/rp2_common/pico_clib_interface/newlib_interface.c.obj
 .debug_aranges
                0x00000d88       0xc8 CMakeFiles/program.dir/pico-sdk/src/rp2_common/pico_stdio/stdio.c.obj
 .debug_aranges
                0x00000e50       0x20 /usr/lib/gcc/arm-none-eabi/13.2.0/thumb/v6-m/nofp/libgcc.a(_dvmd_tls.o)
 .debug_aranges
                0x00000e70       0x20 /usr/lib/gcc/arm-none-eabi/13.2.0/../../../../arm-none-eabi/lib/thumb/v6-m/nofp/libg.a(libc_a-atexit.o)
 .debug_aranges
                0x00000e90       0x20 /usr/lib/gcc/arm-none-eabi/13.2.0/../../../../arm-none-eabi/lib/thumb/v6-m/nofp/libg.a(libc_a-fini.o)
 .debug_aranges
                0x00000eb0       0x68 /usr/lib/gcc/arm-none-eabi/13.2.0/../../../../arm-none-eabi/lib/thumb/v6-m/nofp/libg.a(libc_a-lock.o)
 .debug_aranges
                0x00000f18       0x20 /usr/lib/gcc/arm-none-eabi/13.2.0/../../../../arm-none-eabi/lib/thumb/v6-m/nofp/libg.a(libc_a-strlen-stub.o)
 .debug_aranges
                0x00000f38       0x20 /usr/lib/gcc/arm-none-eabi/13.2.0/../../../../arm-none-eabi/lib/thumb/v6-m/nofp/libg.a(libc_a-__atexit.o)
 .debug_aranges
                0x00000f58       0x28 /usr/lib/gcc/arm-none-eabi/13.2.0/../../../../arm-none-eabi/lib/thumb/v6-m/nofp/libg.a(libc_a-__call_atexit.o)

.debug_rnglists
                0x00000000     0x2984
 .debug_rnglists
                0x00000000       0x91 CMakeFiles/program.dir/src/main.c.obj
 .debug_rnglists
                0x00000091      0x5c7 CMakeFiles/program.dir/pico-sdk/src/rp2_common/hardware_gpio/gpio.c.obj
 .debug_rnglists
                0x00000658       0x19 CMakeFiles/program.dir/pico-sdk/src/rp2_common/pico_platform_panic/panic.c.obj
 .debug_rnglists
                0x00000671       0xc5 CMakeFiles/program.dir/pico-sdk/src/common/hardware_claim/claim.c.obj
 .debug_rnglists
                0x00000736       0x67 CMakeFiles/program.dir/pico-sdk/src/rp2_common/hardware_sync/sync.c.obj
 .debug_rnglists
                0x0000079d       0x3d CMakeFiles/program.dir/pico-sdk/src/rp2_common/hardware_sync_spin_lock/sync_spin_lock.c.obj
 .debug_rnglists
                0x000007da      0x355 CMakeFiles/program.dir/pico-sdk/src/rp2_common/hardware_irq/irq.c.obj
 .debug_rnglists
                0x00000b2f       0x1f CMakeFiles/program.dir/pico-sdk/src/common/pico_sync/lock_core.c.obj
 .debug_rnglists
                0x00000b4e      0x32c CMakeFiles/program.dir/pico-sdk/src/common/pico_sync/mutex.c.obj
 .debug_rnglists
                0x00000e7a      0x795 CMakeFiles/program.dir/pico-sdk/src/common/pico_time/time.c.obj
 .debug_rnglists
                0x0000160f      0x2c9 CMakeFiles/program.dir/pico-sdk/src/rp2_common/hardware_timer/timer.c.obj
 .debug_rnglists
                0x000018d8      0x4ad CMakeFiles/program.dir/pico-sdk/src/rp2_common/hardware_clocks/clocks.c.obj
 .debug_rnglists
                0x00001d85       0x5c CMakeFiles/program.dir/pico-sdk/src/rp2_common/hardware_pll/pll.c.obj
 .debug_rnglists
                0x00001de1       0x2b CMakeFiles/program.dir/pico-sdk/src/rp2_common/hardware_ticks/ticks.c.obj
 .debug_rnglists
                0x00001e0c       0x2b CMakeFiles/program.dir/pico-sdk/src/rp2_common/hardware_xosc/xosc.c.obj
 .debug_rnglists
                0x00001e37       0x3d CMakeFiles/program.dir/pico-sdk/src/rp2_common/pico_runtime/runtime.c.obj
 .debug_rnglists
                0x00001e74       0x49 CMakeFiles/program.dir/pico-sdk/src/rp2_common/pico_runtime_init/runtime_init.c.obj
 .debug_rnglists
                0x00001ebd       0x20 CMakeFiles/program.dir/pico-sdk/src/rp2_common/pico_runtime_init/runtime_init_clocks.c.obj
 .debug_rnglists
                0x00001edd       0x43 CMakeFiles/program.dir/pico-sdk/src/rp2_common/pico_bit_ops/bit_ops_aeabi.S.obj
 .debug_rnglists
                0x00001f20       0xdc CMakeFiles/program.dir/pico-sdk/src/rp2_common/pico_bootrom/bootrom.c.obj
 .debug_rnglists
                0x00001ffc       0x2c CMakeFiles/program.dir/pico-sdk/src/rp2_common/pico_divider/divider_hardware.S.obj
 .debug_rnglists
                0x00002028       0xed CMakeFiles/program.dir/pico-sdk/src/rp2_common/pico_double/double_aeabi_rp2040.S.obj
 .debug_rnglists
                0x00002115       0x14 CMakeFiles/program.dir/pico-sdk/src/rp2_common/pico_double/double_init_rom_rp2040.c.obj
 .debug_rnglists
                0x00002129       0x99 CMakeFiles/program.dir/pico-sdk/src/rp2_common/pico_double/double_v1_rom_shim_rp2040.S.obj
 .debug_rnglists
                0x000021c2       0xdf CMakeFiles/program.dir/pico-sdk/src/rp2_common/pico_float/float_aeabi_rp2040.S.obj
 .debug_rnglists
                0x000022a1       0x13 CMakeFiles/program.dir/pico-sdk/src/rp2_common/pico_float/float_init_rom_rp2040.c.obj
 .debug_rnglists
                0x000022b4       0x38 CMakeFiles/program.dir/pico-sdk/src/rp2_common/pico_float/float_v1_rom_shim_rp2040.S.obj
 .debug_rnglists
                0x000022ec       0x25 CMakeFiles/program.dir/pico-sdk/src/rp2_common/pico_mem_ops/mem_ops_aeabi.S.obj
 .debug_rnglists
                0x00002311      0x27c CMakeFiles/program.dir/pico-sdk/src/rp2_common/pico_printf/printf.c.obj
 .debug_rnglists
                0x0000258d       0x1b CMakeFiles/program.dir/pico-sdk/src/rp2_common/pico_crt0/crt0.S.obj
 .debug_rnglists
                0x000025a8       0x7f CMakeFiles/program.dir/pico-sdk/src/rp2_common/pico_clib_interface/newlib_interface.c.obj
 .debug_rnglists
                0x00002627      0x297 CMakeFiles/program.dir/pico-sdk/src/rp2_common/pico_stdio/stdio.c.obj
 .debug_rnglists
                0x000028be       0x13 /usr/lib/gcc/arm-none-eabi/13.2.0/../../../../arm-none-eabi/lib/thumb/v6-m/nofp/libg.a(libc_a-atexit.o)
 .debug_rnglists
                0x000028d1       0x13 /usr/lib/gcc/arm-none-eabi/13.2.0/../../../../arm-none-eabi/lib/thumb/v6-m/nofp/libg.a(libc_a-fini.o)
 .debug_rnglists
                0x000028e4       0x49 /usr/lib/gcc/arm-none-eabi/13.2.0/../../../../arm-none-eabi/lib/thumb/v6-m/nofp/libg.a(libc_a-lock.o)
 .debug_rnglists
                0x0000292d       0x13 /usr/lib/gcc/arm-none-eabi/13.2.0/../../../../arm-none-eabi/lib/thumb/v6-m/nofp/libg.a(libc_a-strlen-stub.o)
 .debug_rnglists
                0x00002940       0x14 /usr/lib/gcc/arm-none-eabi/13.2.0/../../../../arm-none-eabi/lib/thumb/v6-m/nofp/libg.a(libc_a-__atexit.o)
 .debug_rnglists
                0x00002954       0x30 /usr/lib/gcc/arm-none-eabi/13.2.0/../../../../arm-none-eabi/lib/thumb/v6-m/nofp/libg.a(libc_a-__call_atexit.o)

.debug_line     0x00000000    0x157a3
 .debug_line    0x00000000      0x537 CMakeFiles/program.dir/src/main.c.obj
 .debug_line    0x00000537     0x1cb7 CMakeFiles/program.dir/pico-sdk/src/rp2_common/hardware_gpio/gpio.c.obj
 .debug_line    0x000021ee      0x23c CMakeFiles/program.dir/pico-sdk/src/rp2_common/pico_platform_panic/panic.c.obj
 .debug_line    0x0000242a      0x950 CMakeFiles/program.dir/pico-sdk/src/common/hardware_claim/claim.c.obj
 .debug_line    0x00002d7a      0x4d6 CMakeFiles/program.dir/pico-sdk/src/rp2_common/hardware_sync/sync.c.obj
 .debug_line    0x00003250      0x3b0 CMakeFiles/program.dir/pico-sdk/src/rp2_common/hardware_sync_spin_lock/sync_spin_lock.c.obj
 .debug_line    0x00003600     0x1752 CMakeFiles/program.dir/pico-sdk/src/rp2_common/hardware_irq/irq.c.obj
 .debug_line    0x00004d52      0x2db CMakeFiles/program.dir/pico-sdk/src/common/pico_sync/lock_core.c.obj
 .debug_line    0x0000502d     0x1b64 CMakeFiles/program.dir/pico-sdk/src/common/pico_sync/mutex.c.obj
 .debug_line    0x00006b91     0x32be CMakeFiles/program.dir/pico-sdk/src/common/pico_time/time.c.obj
 .debug_line    0x00009e4f     0x1d67 CMakeFiles/program.dir/pico-sdk/src/rp2_common/hardware_timer/timer.c.obj
 .debug_line    0x0000bbb6     0x1e3f CMakeFiles/program.dir/pico-sdk/src/rp2_common/hardware_clocks/clocks.c.obj
 .debug_line    0x0000d9f5      0x512 CMakeFiles/program.dir/pico-sdk/src/rp2_common/hardware_pll/pll.c.obj
 .debug_line    0x0000df07      0x33a CMakeFiles/program.dir/pico-sdk/src/rp2_common/hardware_ticks/ticks.c.obj
 .debug_line    0x0000e241      0x353 CMakeFiles/program.dir/pico-sdk/src/rp2_common/hardware_xosc/xosc.c.obj
 .debug_line    0x0000e594      0x301 CMakeFiles/program.dir/pico-sdk/src/rp2_common/pico_runtime/runtime.c.obj
 .debug_line    0x0000e895      0x554 CMakeFiles/program.dir/pico-sdk/src/rp2_common/pico_runtime_init/runtime_init.c.obj
 .debug_line    0x0000ede9      0x5a3 CMakeFiles/program.dir/pico-sdk/src/rp2_common/pico_runtime_init/runtime_init_clocks.c.obj
 .debug_line    0x0000f38c      0x107 CMakeFiles/program.dir/pico-sdk/src/rp2_common/pico_bit_ops/bit_ops_aeabi.S.obj
 .debug_line    0x0000f493      0x3a5 CMakeFiles/program.dir/pico-sdk/src/rp2_common/pico_bootrom/bootrom.c.obj
 .debug_line    0x0000f838      0x2a9 CMakeFiles/program.dir/pico-sdk/src/rp2_common/pico_divider/divider_hardware.S.obj
 .debug_line    0x0000fae1      0x3f8 CMakeFiles/program.dir/pico-sdk/src/rp2_common/pico_double/double_aeabi_rp2040.S.obj
 .debug_line    0x0000fed9      0x492 CMakeFiles/program.dir/pico-sdk/src/rp2_common/pico_double/double_init_rom_rp2040.c.obj
 .debug_line    0x0001036b      0x66d CMakeFiles/program.dir/pico-sdk/src/rp2_common/pico_double/double_v1_rom_shim_rp2040.S.obj
 .debug_line    0x000109d8       0x61 CMakeFiles/program.dir/pico-sdk/src/rp2_common/pico_int64_ops/pico_int64_ops_aeabi.S.obj
 .debug_line    0x00010a39      0x3b4 CMakeFiles/program.dir/pico-sdk/src/rp2_common/pico_float/float_aeabi_rp2040.S.obj
 .debug_line    0x00010ded      0x3a7 CMakeFiles/program.dir/pico-sdk/src/rp2_common/pico_float/float_init_rom_rp2040.c.obj
 .debug_line    0x00011194      0x195 CMakeFiles/program.dir/pico-sdk/src/rp2_common/pico_float/float_v1_rom_shim_rp2040.S.obj
 .debug_line    0x00011329       0x94 CMakeFiles/program.dir/pico-sdk/src/rp2_common/pico_mem_ops/mem_ops_aeabi.S.obj
 .debug_line    0x000113bd      0x1cf CMakeFiles/program.dir/pico-sdk/src/rp2_common/pico_standard_binary_info/standard_binary_info.c.obj
 .debug_line    0x0001158c     0x1b19 CMakeFiles/program.dir/pico-sdk/src/rp2_common/pico_printf/printf.c.obj
 .debug_line    0x000130a5       0xa4 CMakeFiles/program.dir/pico-sdk/src/rp2_common/pico_crt0/crt0.S.obj
 .debug_line    0x00013149      0x876 CMakeFiles/program.dir/pico-sdk/src/rp2_common/pico_clib_interface/newlib_interface.c.obj
 .debug_line    0x000139bf     0x14f5 CMakeFiles/program.dir/pico-sdk/src/rp2_common/pico_stdio/stdio.c.obj
 .debug_line    0x00014eb4       0x4a /usr/lib/gcc/arm-none-eabi/13.2.0/thumb/v6-m/nofp/libgcc.a(_dvmd_tls.o)
 .debug_line    0x00014efe       0xc7 /usr/lib/gcc/arm-none-eabi/13.2.0/../../../../arm-none-eabi/lib/thumb/v6-m/nofp/libg.a(libc_a-atexit.o)
 .debug_line    0x00014fc5       0xd1 /usr/lib/gcc/arm-none-eabi/13.2.0/../../../../arm-none-eabi/lib/thumb/v6-m/nofp/libg.a(libc_a-fini.o)
 .debug_line    0x00015096      0x15d /usr/lib/gcc/arm-none-eabi/13.2.0/../../../../arm-none-eabi/lib/thumb/v6-m/nofp/libg.a(libc_a-lock.o)
 .debug_line    0x000151f3      0x1ab /usr/lib/gcc/arm-none-eabi/13.2.0/../../../../arm-none-eabi/lib/thumb/v6-m/nofp/libg.a(libc_a-strlen-stub.o)
 .debug_line    0x0001539e      0x17a /usr/lib/gcc/arm-none-eabi/13.2.0/../../../../arm-none-eabi/lib/thumb/v6-m/nofp/libg.a(libc_a-__atexit.o)
 .debug_line    0x00015518      0x28b /usr/lib/gcc/arm-none-eabi/13.2.0/../../../../arm-none-eabi/lib/thumb/v6-m/nofp/libg.a(libc_a-__call_atexit.o)

.debug_str      0x00000000     0x49e5
 .debug_str     0x00000000     0x49e5 CMakeFiles/program.dir/src/main.c.obj
                                0x413 (size before relaxing)
 .debug_str     0x000049e5      0xc70 CMakeFiles/program.dir/pico-sdk/src/rp2_common/hardware_gpio/gpio.c.obj
 .debug_str     0x000049e5      0x1fb CMakeFiles/program.dir/pico-sdk/src/rp2_common/pico_platform_panic/panic.c.obj
 .debug_str     0x000049e5      0x37e CMakeFiles/program.dir/pico-sdk/src/common/hardware_claim/claim.c.obj
 .debug_str     0x000049e5      0x327 CMakeFiles/program.dir/pico-sdk/src/rp2_common/hardware_sync/sync.c.obj
 .debug_str     0x000049e5      0x23a CMakeFiles/program.dir/pico-sdk/src/rp2_common/hardware_sync_spin_lock/sync_spin_lock.c.obj
 .debug_str     0x000049e5      0xa5e CMakeFiles/program.dir/pico-sdk/src/rp2_common/hardware_irq/irq.c.obj
 .debug_str     0x000049e5      0x206 CMakeFiles/program.dir/pico-sdk/src/common/pico_sync/lock_core.c.obj
 .debug_str     0x000049e5      0x799 CMakeFiles/program.dir/pico-sdk/src/common/pico_sync/mutex.c.obj
 .debug_str     0x000049e5     0x1145 CMakeFiles/program.dir/pico-sdk/src/common/pico_time/time.c.obj
 .debug_str     0x000049e5      0x9e1 CMakeFiles/program.dir/pico-sdk/src/rp2_common/hardware_timer/timer.c.obj
 .debug_str     0x000049e5      0x978 CMakeFiles/program.dir/pico-sdk/src/rp2_common/hardware_clocks/clocks.c.obj
 .debug_str     0x000049e5      0x459 CMakeFiles/program.dir/pico-sdk/src/rp2_common/hardware_pll/pll.c.obj
 .debug_str     0x000049e5      0x288 CMakeFiles/program.dir/pico-sdk/src/rp2_common/hardware_ticks/ticks.c.obj
 .debug_str     0x000049e5      0x23d CMakeFiles/program.dir/pico-sdk/src/rp2_common/hardware_xosc/xosc.c.obj
 .debug_str     0x000049e5      0x28d CMakeFiles/program.dir/pico-sdk/src/rp2_common/pico_runtime/runtime.c.obj
 .debug_str     0x000049e5      0x781 CMakeFiles/program.dir/pico-sdk/src/rp2_common/pico_runtime_init/runtime_init.c.obj
 .debug_str     0x000049e5      0x495 CMakeFiles/program.dir/pico-sdk/src/rp2_common/pico_runtime_init/runtime_init_clocks.c.obj
 .debug_str     0x000049e5       0x97 CMakeFiles/program.dir/pico-sdk/src/rp2_common/pico_bit_ops/bit_ops_aeabi.S.obj
 .debug_str     0x000049e5      0x2e6 CMakeFiles/program.dir/pico-sdk/src/rp2_common/pico_bootrom/bootrom.c.obj
 .debug_str     0x000049e5       0x9a CMakeFiles/program.dir/pico-sdk/src/rp2_common/pico_divider/divider_hardware.S.obj
 .debug_str     0x000049e5       0x9c CMakeFiles/program.dir/pico-sdk/src/rp2_common/pico_double/double_aeabi_rp2040.S.obj
 .debug_str     0x000049e5      0x2b7 CMakeFiles/program.dir/pico-sdk/src/rp2_common/pico_double/double_init_rom_rp2040.c.obj
 .debug_str     0x000049e5       0xa2 CMakeFiles/program.dir/pico-sdk/src/rp2_common/pico_double/double_v1_rom_shim_rp2040.S.obj
 .debug_str     0x000049e5       0xa0 CMakeFiles/program.dir/pico-sdk/src/rp2_common/pico_int64_ops/pico_int64_ops_aeabi.S.obj
 .debug_str     0x000049e5       0x9a CMakeFiles/program.dir/pico-sdk/src/rp2_common/pico_float/float_aeabi_rp2040.S.obj
 .debug_str     0x000049e5      0x29c CMakeFiles/program.dir/pico-sdk/src/rp2_common/pico_float/float_init_rom_rp2040.c.obj
 .debug_str     0x000049e5       0xa0 CMakeFiles/program.dir/pico-sdk/src/rp2_common/pico_float/float_v1_rom_shim_rp2040.S.obj
 .debug_str     0x000049e5       0x97 CMakeFiles/program.dir/pico-sdk/src/rp2_common/pico_mem_ops/mem_ops_aeabi.S.obj
 .debug_str     0x000049e5      0x3c2 CMakeFiles/program.dir/pico-sdk/src/rp2_common/pico_standard_binary_info/standard_binary_info.c.obj
 .debug_str     0x000049e5      0x4d0 CMakeFiles/program.dir/pico-sdk/src/rp2_common/pico_printf/printf.c.obj
 .debug_str     0x000049e5       0x8b CMakeFiles/program.dir/pico-sdk/src/rp2_common/pico_crt0/crt0.S.obj
 .debug_str     0x000049e5      0x71b CMakeFiles/program.dir/pico-sdk/src/rp2_common/pico_clib_interface/newlib_interface.c.obj
 .debug_str     0x000049e5      0xd76 CMakeFiles/program.dir/pico-sdk/src/rp2_common/pico_stdio/stdio.c.obj
 .debug_str     0x000049e5       0xcc /usr/lib/gcc/arm-none-eabi/13.2.0/thumb/v6-m/nofp/libgcc.a(_dvmd_tls.o)
 .debug_str     0x000049e5      0x1ed /usr/lib/gcc/arm-none-eabi/13.2.0/../../../../arm-none-eabi/lib/thumb/v6-m/nofp/libg.a(libc_a-atexit.o)
 .debug_str     0x000049e5      0x1e7 /usr/lib/gcc/arm-none-eabi/13.2.0/../../../../arm-none-eabi/lib/thumb/v6-m/nofp/libg.a(libc_a-fini.o)
 .debug_str     0x000049e5      0x347 /usr/lib/gcc/arm-none-eabi/13.2.0/../../../../arm-none-eabi/lib/thumb/v6-m/nofp/libg.a(libc_a-lock.o)
 .debug_str     0x000049e5      0x1cd /usr/lib/gcc/arm-none-eabi/13.2.0/../../../../arm-none-eabi/lib/thumb/v6-m/nofp/libg.a(libc_a-strlen-stub.o)
 .debug_str     0x000049e5      0x2c4 /usr/lib/gcc/arm-none-eabi/13.2.0/../../../../arm-none-eabi/lib/thumb/v6-m/nofp/libg.a(libc_a-__atexit.o)
 .debug_str     0x000049e5      0x2ed /usr/lib/gcc/arm-none-eabi/13.2.0/../../../../arm-none-eabi/lib/thumb/v6-m/nofp/libg.a(libc_a-__call_atexit.o)

.debug_frame    0x00000000     0x1afc
 .debug_frame   0x00000000       0x60 CMakeFiles/program.dir/src/main.c.obj
 .debug_frame   0x00000060      0x330 CMakeFiles/program.dir/pico-sdk/src/rp2_common/hardware_gpio/gpio.c.obj
 .debug_frame   0x00000390       0x44 CMakeFiles/program.dir/pico-sdk/src/rp2_common/pico_platform_panic/panic.c.obj
 .debug_frame   0x000003d4       0xa0 CMakeFiles/program.dir/pico-sdk/src/common/hardware_claim/claim.c.obj
 .debug_frame   0x00000474       0xa8 CMakeFiles/program.dir/pico-sdk/src/rp2_common/hardware_sync/sync.c.obj
 .debug_frame   0x0000051c       0x30 CMakeFiles/program.dir/pico-sdk/src/rp2_common/hardware_sync_spin_lock/sync_spin_lock.c.obj
 .debug_frame   0x0000054c      0x1bc CMakeFiles/program.dir/pico-sdk/src/rp2_common/hardware_irq/irq.c.obj
 .debug_frame   0x00000708       0x20 CMakeFiles/program.dir/pico-sdk/src/common/pico_sync/lock_core.c.obj
 .debug_frame   0x00000728      0x1e0 CMakeFiles/program.dir/pico-sdk/src/common/pico_sync/mutex.c.obj
 .debug_frame   0x00000908      0x2cc CMakeFiles/program.dir/pico-sdk/src/common/pico_time/time.c.obj
 .debug_frame   0x00000bd4      0x2c0 CMakeFiles/program.dir/pico-sdk/src/rp2_common/hardware_timer/timer.c.obj
 .debug_frame   0x00000e94      0x1f0 CMakeFiles/program.dir/pico-sdk/src/rp2_common/hardware_clocks/clocks.c.obj
 .debug_frame   0x00001084       0x40 CMakeFiles/program.dir/pico-sdk/src/rp2_common/hardware_pll/pll.c.obj
 .debug_frame   0x000010c4       0x40 CMakeFiles/program.dir/pico-sdk/src/rp2_common/hardware_ticks/ticks.c.obj
 .debug_frame   0x00001104       0x40 CMakeFiles/program.dir/pico-sdk/src/rp2_common/hardware_xosc/xosc.c.obj
 .debug_frame   0x00001144       0x70 CMakeFiles/program.dir/pico-sdk/src/rp2_common/pico_runtime/runtime.c.obj
 .debug_frame   0x000011b4       0x84 CMakeFiles/program.dir/pico-sdk/src/rp2_common/pico_runtime_init/runtime_init.c.obj
 .debug_frame   0x00001238       0x2c CMakeFiles/program.dir/pico-sdk/src/rp2_common/pico_runtime_init/runtime_init_clocks.c.obj
 .debug_frame   0x00001264       0x84 CMakeFiles/program.dir/pico-sdk/src/rp2_common/pico_bootrom/bootrom.c.obj
 .debug_frame   0x000012e8       0x2c CMakeFiles/program.dir/pico-sdk/src/rp2_common/pico_double/double_init_rom_rp2040.c.obj
 .debug_frame   0x00001314       0x28 CMakeFiles/program.dir/pico-sdk/src/rp2_common/pico_float/float_init_rom_rp2040.c.obj
 .debug_frame   0x0000133c      0x1ec CMakeFiles/program.dir/pico-sdk/src/rp2_common/pico_printf/printf.c.obj
 .debug_frame   0x00001528      0x174 CMakeFiles/program.dir/pico-sdk/src/rp2_common/pico_clib_interface/newlib_interface.c.obj
 .debug_frame   0x0000169c      0x2a8 CMakeFiles/program.dir/pico-sdk/src/rp2_common/pico_stdio/stdio.c.obj
 .debug_frame   0x00001944       0x28 /usr/lib/gcc/arm-none-eabi/13.2.0/../../../../arm-none-eabi/lib/thumb/v6-m/nofp/libg.a(libc_a-atexit.o)
 .debug_frame   0x0000196c       0x2c /usr/lib/gcc/arm-none-eabi/13.2.0/../../../../arm-none-eabi/lib/thumb/v6-m/nofp/libg.a(libc_a-fini.o)
 .debug_frame   0x00001998       0xb0 /usr/lib/gcc/arm-none-eabi/13.2.0/../../../../arm-none-eabi/lib/thumb/v6-m/nofp/libg.a(libc_a-lock.o)
 .debug_frame   0x00001a48       0x28 /usr/lib/gcc/arm-none-eabi/13.2.0/../../../../arm-none-eabi/lib/thumb/v6-m/nofp/libg.a(libc_a-strlen-stub.o)
 .debug_frame   0x00001a70       0x38 /usr/lib/gcc/arm-none-eabi/13.2.0/../../../../arm-none-eabi/lib/thumb/v6-m/nofp/libg.a(libc_a-__atexit.o)
 .debug_frame   0x00001aa8       0x54 /usr/lib/gcc/arm-none-eabi/13.2.0/../../../../arm-none-eabi/lib/thumb/v6-m/nofp/libg.a(libc_a-__call_atexit.o)

.debug_line_str
                0x00000000      0x39c
 .debug_line_str
                0x00000000      0x39c CMakeFiles/program.dir/pico-sdk/src/rp2_common/pico_bit_ops/bit_ops_aeabi.S.obj
                                 0x8b (size before relaxing)
 .debug_line_str
                0x0000039c       0x8e CMakeFiles/program.dir/pico-sdk/src/rp2_common/pico_divider/divider_hardware.S.obj
 .debug_line_str
                0x0000039c       0x90 CMakeFiles/program.dir/pico-sdk/src/rp2_common/pico_double/double_aeabi_rp2040.S.obj
 .debug_line_str
                0x0000039c       0x96 CMakeFiles/program.dir/pico-sdk/src/rp2_common/pico_double/double_v1_rom_shim_rp2040.S.obj
 .debug_line_str
                0x0000039c       0x94 CMakeFiles/program.dir/pico-sdk/src/rp2_common/pico_int64_ops/pico_int64_ops_aeabi.S.obj
 .debug_line_str
                0x0000039c       0x8e CMakeFiles/program.dir/pico-sdk/src/rp2_common/pico_float/float_aeabi_rp2040.S.obj
 .debug_line_str
                0x0000039c       0x94 CMakeFiles/program.dir/pico-sdk/src/rp2_common/pico_float/float_v1_rom_shim_rp2040.S.obj
 .debug_line_str
                0x0000039c       0x8b CMakeFiles/program.dir/pico-sdk/src/rp2_common/pico_mem_ops/mem_ops_aeabi.S.obj
 .debug_line_str
                0x0000039c       0x7f CMakeFiles/program.dir/pico-sdk/src/rp2_common/pico_crt0/crt0.S.obj
 .debug_line_str
                0x0000039c       0xa4 /usr/lib/gcc/arm-none-eabi/13.2.0/thumb/v6-m/nofp/libgcc.a(_dvmd_tls.o)